Archive member included to satisfy reference by file (symbol)

C:/ProgramData/MATLAB/SupportPackages/R2024b/3P.instrset/gnuarm-armcortex.instrset/win/bin/../lib/gcc/arm-none-eabi/13.2.1/thumb/v7e-m+fp/hard\libm.a(libm_a-w_fmod.o)
                              xcp_ext_common.o (fmod)
C:/ProgramData/MATLAB/SupportPackages/R2024b/3P.instrset/gnuarm-armcortex.instrset/win/bin/../lib/gcc/arm-none-eabi/13.2.1/thumb/v7e-m+fp/hard\libm.a(libm_a-e_fmod.o)
                              C:/ProgramData/MATLAB/SupportPackages/R2024b/3P.instrset/gnuarm-armcortex.instrset/win/bin/../lib/gcc/arm-none-eabi/13.2.1/thumb/v7e-m+fp/hard\libm.a(libm_a-w_fmod.o) (__ieee754_fmod)
C:/ProgramData/MATLAB/SupportPackages/R2024b/3P.instrset/gnuarm-armcortex.instrset/win/bin/../lib/gcc/arm-none-eabi/13.2.1/thumb/v7e-m+fp/hard\libgcc.a(_arm_muldf3.o)
                              BasicKit.o (__aeabi_dmul)
C:/ProgramData/MATLAB/SupportPackages/R2024b/3P.instrset/gnuarm-armcortex.instrset/win/bin/../lib/gcc/arm-none-eabi/13.2.1/thumb/v7e-m+fp/hard\libgcc.a(_arm_addsubdf3.o)
                              BasicKit.o (__aeabi_dsub)
C:/ProgramData/MATLAB/SupportPackages/R2024b/3P.instrset/gnuarm-armcortex.instrset/win/bin/../lib/gcc/arm-none-eabi/13.2.1/thumb/v7e-m+fp/hard\libgcc.a(_arm_muldivdf3.o)
                              xcp_ext_common.o (__aeabi_ddiv)
C:/ProgramData/MATLAB/SupportPackages/R2024b/3P.instrset/gnuarm-armcortex.instrset/win/bin/../lib/gcc/arm-none-eabi/13.2.1/thumb/v7e-m+fp/hard\libgcc.a(_arm_cmpdf2.o)
                              xcp_ext_mode.o (__aeabi_dcmpeq)
C:/ProgramData/MATLAB/SupportPackages/R2024b/3P.instrset/gnuarm-armcortex.instrset/win/bin/../lib/gcc/arm-none-eabi/13.2.1/thumb/v7e-m+fp/hard\libgcc.a(_arm_unorddf2.o)
                              C:/ProgramData/MATLAB/SupportPackages/R2024b/3P.instrset/gnuarm-armcortex.instrset/win/bin/../lib/gcc/arm-none-eabi/13.2.1/thumb/v7e-m+fp/hard\libm.a(libm_a-w_fmod.o) (__aeabi_dcmpun)
C:/ProgramData/MATLAB/SupportPackages/R2024b/3P.instrset/gnuarm-armcortex.instrset/win/bin/../lib/gcc/arm-none-eabi/13.2.1/thumb/v7e-m+fp/hard\libgcc.a(_arm_fixunsdfsi.o)
                              xcp_ext_common.o (__aeabi_d2uiz)
C:/ProgramData/MATLAB/SupportPackages/R2024b/3P.instrset/gnuarm-armcortex.instrset/win/bin/../lib/gcc/arm-none-eabi/13.2.1/thumb/v7e-m+fp/hard\libgcc.a(_aeabi_uldivmod.o)
                              stm32g4xx_ll_lpuart.o (__aeabi_uldivmod)
C:/ProgramData/MATLAB/SupportPackages/R2024b/3P.instrset/gnuarm-armcortex.instrset/win/bin/../lib/gcc/arm-none-eabi/13.2.1/thumb/v7e-m+fp/hard\libgcc.a(_udivmoddi4.o)
                              C:/ProgramData/MATLAB/SupportPackages/R2024b/3P.instrset/gnuarm-armcortex.instrset/win/bin/../lib/gcc/arm-none-eabi/13.2.1/thumb/v7e-m+fp/hard\libgcc.a(_aeabi_uldivmod.o) (__udivmoddi4)
C:/ProgramData/MATLAB/SupportPackages/R2024b/3P.instrset/gnuarm-armcortex.instrset/win/bin/../lib/gcc/arm-none-eabi/13.2.1/thumb/v7e-m+fp/hard\libgcc.a(_dvmd_tls.o)
                              C:/ProgramData/MATLAB/SupportPackages/R2024b/3P.instrset/gnuarm-armcortex.instrset/win/bin/../lib/gcc/arm-none-eabi/13.2.1/thumb/v7e-m+fp/hard\libgcc.a(_aeabi_uldivmod.o) (__aeabi_ldiv0)
C:/ProgramData/MATLAB/SupportPackages/R2024b/3P.instrset/gnuarm-armcortex.instrset/win/bin/../lib/gcc/arm-none-eabi/13.2.1/thumb/v7e-m+fp/hard\libg_nano.a(libc_a-exit.o)
                              C:/ProgramData/MATLAB/SupportPackages/R2024b/3P.instrset/gnuarm-armcortex.instrset/win/bin/../lib/gcc/arm-none-eabi/13.2.1/thumb/v7e-m+fp/hard/crt0.o (exit)
C:/ProgramData/MATLAB/SupportPackages/R2024b/3P.instrset/gnuarm-armcortex.instrset/win/bin/../lib/gcc/arm-none-eabi/13.2.1/thumb/v7e-m+fp/hard\libg_nano.a(libc_a-findfp.o)
                              C:/ProgramData/MATLAB/SupportPackages/R2024b/3P.instrset/gnuarm-armcortex.instrset/win/bin/../lib/gcc/arm-none-eabi/13.2.1/thumb/v7e-m+fp/hard\libg_nano.a(libc_a-exit.o) (__stdio_exit_handler)
C:/ProgramData/MATLAB/SupportPackages/R2024b/3P.instrset/gnuarm-armcortex.instrset/win/bin/../lib/gcc/arm-none-eabi/13.2.1/thumb/v7e-m+fp/hard\libg_nano.a(libc_a-fwalk.o)
                              C:/ProgramData/MATLAB/SupportPackages/R2024b/3P.instrset/gnuarm-armcortex.instrset/win/bin/../lib/gcc/arm-none-eabi/13.2.1/thumb/v7e-m+fp/hard\libg_nano.a(libc_a-findfp.o) (_fwalk_sglue)
C:/ProgramData/MATLAB/SupportPackages/R2024b/3P.instrset/gnuarm-armcortex.instrset/win/bin/../lib/gcc/arm-none-eabi/13.2.1/thumb/v7e-m+fp/hard\libg_nano.a(libc_a-stdio.o)
                              C:/ProgramData/MATLAB/SupportPackages/R2024b/3P.instrset/gnuarm-armcortex.instrset/win/bin/../lib/gcc/arm-none-eabi/13.2.1/thumb/v7e-m+fp/hard\libg_nano.a(libc_a-findfp.o) (__sread)
C:/ProgramData/MATLAB/SupportPackages/R2024b/3P.instrset/gnuarm-armcortex.instrset/win/bin/../lib/gcc/arm-none-eabi/13.2.1/thumb/v7e-m+fp/hard\libg_nano.a(libc_a-memset.o)
[...]
Memory Configuration

Name             Origin             Length             Attributes
RAM              0x20000000         0x00020000         xrw
FLASH            0x08000000         0x00080000         xr
*default*        0x00000000         0xffffffff

Linker script and memory map

LOAD C:/ProgramData/MATLAB/SupportPackages/R2024b/3P.instrset/gnuarm-armcortex.instrset/win/bin/../lib/gcc/arm-none-eabi/13.2.1/thumb/v7e-m+fp/hard/crti.o
LOAD C:/ProgramData/MATLAB/SupportPackages/R2024b/3P.instrset/gnuarm-armcortex.instrset/win/bin/../lib/gcc/arm-none-eabi/13.2.1/thumb/v7e-m+fp/hard/crtbegin.o
LOAD C:/ProgramData/MATLAB/SupportPackages/R2024b/3P.instrset/gnuarm-armcortex.instrset/win/bin/../lib/gcc/arm-none-eabi/13.2.1/thumb/v7e-m+fp/hard/crt0.o
LOAD xcp_ext_mode.o
LOAD BasicKit.o
LOAD ert_main.o
LOAD xcp_ext_common.o
LOAD xcp_ext_classic_trigger.o
LOAD xcp.o
LOAD xcp_standard.o
LOAD xcp_daq.o
LOAD xcp_calibration.o
LOAD xcp_fifo.o
LOAD xcp_transport.o
LOAD xcp_mem_default.o
LOAD xcp_drv_rtiostream.o
LOAD xcp_utils.o
LOAD xcp_frame_serial.o
LOAD xcp_ext_param_default_serial.o
LOAD overrideHALDelay.o
LOAD platform_timer.o
LOAD SysTickScheduler.o
LOAD m3m4m4f_multitasking.o
LOAD rtiostream_serial.o
LOAD stm_usart.o
LOAD stm_lpuart.o
LOAD sys_arch.o
LOAD main.o
LOAD stm32g4xx_it.o
LOAD stm32g4xx_hal_msp.o
LOAD stm32g4xx_hal_timebase_tim.o
LOAD stm32g4xx_ll_utils.o
LOAD stm32g4xx_ll_exti.o
LOAD stm32g4xx_ll_gpio.o
LOAD stm32g4xx_ll_adc.o
LOAD stm32g4xx_ll_dma.o
LOAD stm32g4xx_hal.o
LOAD stm32g4xx_hal_rcc.o
LOAD stm32g4xx_hal_rcc_ex.o
LOAD stm32g4xx_hal_flash.o
LOAD stm32g4xx_hal_flash_ex.o
LOAD stm32g4xx_hal_flash_ramfunc.o
LOAD stm32g4xx_hal_gpio.o
LOAD stm32g4xx_hal_exti.o
LOAD stm32g4xx_hal_dma.o
LOAD stm32g4xx_hal_dma_ex.o
LOAD stm32g4xx_hal_pwr.o
LOAD stm32g4xx_hal_pwr_ex.o
LOAD stm32g4xx_hal_cortex.o
LOAD stm32g4xx_ll_lpuart.o
LOAD stm32g4xx_ll_rcc.o
LOAD stm32g4xx_hal_tim.o
LOAD stm32g4xx_hal_tim_ex.o
LOAD stm32g4xx_ll_tim.o
LOAD system_stm32g4xx.o
LOAD syscalls.o
LOAD sysmem.o
LOAD startup_stm32g474retx.o
LOAD C:/ProgramData/MATLAB/SupportPackages/R2024b/3P.instrset/cmsis_dsp.instrset/Lib/GCC/arm_cortexm4ldfsp_math/libCMSISDSP.a
LOAD C:/ProgramData/MATLAB/SupportPackages/R2024b/toolbox/shared/supportpackages/stm32/lib/GCC/libmw_pdmfilter_m4_spfp.lib
LOAD C:/ProgramData/MATLAB/SupportPackages/R2024b/3P.instrset/gnuarm-armcortex.instrset/win/bin/../lib/gcc/arm-none-eabi/13.2.1/thumb/v7e-m+fp/hard\libstdc++_nano.a
LOAD C:/ProgramData/MATLAB/SupportPackages/R2024b/3P.instrset/gnuarm-armcortex.instrset/win/bin/../lib/gcc/arm-none-eabi/13.2.1/thumb/v7e-m+fp/hard\libm.a
START GROUP
LOAD C:/ProgramData/MATLAB/SupportPackages/R2024b/3P.instrset/gnuarm-armcortex.instrset/win/bin/../lib/gcc/arm-none-eabi/13.2.1/thumb/v7e-m+fp/hard\libgcc.a
LOAD C:/ProgramData/MATLAB/SupportPackages/R2024b/3P.instrset/gnuarm-armcortex.instrset/win/bin/../lib/gcc/arm-none-eabi/13.2.1/thumb/v7e-m+fp/hard\libg_nano.a
LOAD C:/ProgramData/MATLAB/SupportPackages/R2024b/3P.instrset/gnuarm-armcortex.instrset/win/bin/../lib/gcc/arm-none-eabi/13.2.1/thumb/v7e-m+fp/hard\libc_nano.a
END GROUP
START GROUP
LOAD C:/ProgramData/MATLAB/SupportPackages/R2024b/3P.instrset/gnuarm-armcortex.instrset/win/bin/../lib/gcc/arm-none-eabi/13.2.1/thumb/v7e-m+fp/hard\libgcc.a
LOAD C:/ProgramData/MATLAB/SupportPackages/R2024b/3P.instrset/gnuarm-armcortex.instrset/win/bin/../lib/gcc/arm-none-eabi/13.2.1/thumb/v7e-m+fp/hard\libc_nano.a
LOAD C:/ProgramData/MATLAB/SupportPackages/R2024b/3P.instrset/gnuarm-armcortex.instrset/win/bin/../lib/gcc/arm-none-eabi/13.2.1/thumb/v7e-m+fp/hard\libnosys.a
END GROUP
START GROUP
LOAD C:/ProgramData/MATLAB/SupportPackages/R2024b/3P.instrset/gnuarm-armcortex.instrset/win/bin/../lib/gcc/arm-none-eabi/13.2.1/thumb/v7e-m+fp/hard\libgcc.a
LOAD C:/ProgramData/MATLAB/SupportPackages/R2024b/3P.instrset/gnuarm-armcortex.instrset/win/bin/../lib/gcc/arm-none-eabi/13.2.1/thumb/v7e-m+fp/hard\libc_nano.a
LOAD C:/ProgramData/MATLAB/SupportPackages/R2024b/3P.instrset/gnuarm-armcortex.instrset/win/bin/../lib/gcc/arm-none-eabi/13.2.1/thumb/v7e-m+fp/hard\libnosys.a
END GROUP
LOAD C:/ProgramData/MATLAB/SupportPackages/R2024b/3P.instrset/gnuarm-armcortex.instrset/win/bin/../lib/gcc/arm-none-eabi/13.2.1/thumb/v7e-m+fp/hard/crtend.o
LOAD C:/ProgramData/MATLAB/SupportPackages/R2024b/3P.instrset/gnuarm-armcortex.instrset/win/bin/../lib/gcc/arm-none-eabi/13.2.1/thumb/v7e-m+fp/hard/crtn.o
                0x20020000                        _estack = (ORIGIN (RAM) + LENGTH (RAM))
                0x00000200                        _Min_Heap_Size = 0x200
                0x00000400                        _Min_Stack_Size = 0x400

.isr_vector     0x08000000      0x1d8
                0x08000000                        . = ALIGN (0x4)
 *(.isr_vector)
 .isr_vector    0x08000000      0x1d8 startup_stm32g474retx.o
                0x08000000                g_pfnVectors
                0x080001d8                        . = ALIGN (0x4)

.text           0x080001d8     0xc748
                0x080001d8                        . = ALIGN (0x4)
 *(.text)
 .text          0x080001d8      0x378 C:/ProgramData/MATLAB/SupportPackages/R2024b/3P.instrset/gnuarm-armcortex.instrset/win/bin/../lib/gcc/arm-none-eabi/13.2.1/thumb/v7e-m+fp/hard\libgcc.a(_arm_addsubdf3.o)
                0x080001d8                __aeabi_drsub
                0x080001e0                __aeabi_dsub
                0x080001e0                __subdf3
                0x080001e4                __aeabi_dadd
                0x080001e4                __adddf3
                0x0800045c                __floatunsidf
                0x0800045c                __aeabi_ui2d
                0x0800047c                __floatsidf
                0x0800047c                __aeabi_i2d
                0x080004a0                __aeabi_f2d
                0x080004a0                __extendsfdf2
                0x080004e4                __floatundidf
                0x080004e4                __aeabi_ul2d
                0x080004f4                __floatdidf
                0x080004f4                __aeabi_l2d
 .text          0x08000550      0x424 C:/ProgramData/MATLAB/SupportPackages/R2024b/3P.instrset/gnuarm-armcortex.instrset/win/bin/../lib/gcc/arm-none-eabi/13.2.1/thumb/v7e-m+fp/hard\libgcc.a(_arm_muldivdf3.o)
                0x08000550                __aeabi_dmul
                0x08000550                __muldf3
                0x080007a4                __divdf3
                0x080007a4                __aeabi_ddiv
 .text          0x08000974      0x110 C:/ProgramData/MATLAB/SupportPackages/R2024b/3P.instrset/gnuarm-armcortex.instrset/win/bin/../lib/gcc/arm-none-eabi/13.2.1/thumb/v7e-m+fp/hard\libgcc.a(_arm_cmpdf2.o)
                0x08000974                __gtdf2
                0x08000974                __gedf2
                0x0800097c                __ltdf2
                0x0800097c                __ledf2
                0x08000984                __nedf2
                0x08000984                __eqdf2
                0x08000984                __cmpdf2
                0x08000a00                __aeabi_cdrcmple
                0x08000a10                __aeabi_cdcmpeq
                0x08000a10                __aeabi_cdcmple
                0x08000a20                __aeabi_dcmpeq
                0x08000a34                __aeabi_dcmplt
                0x08000a48                __aeabi_dcmple
                0x08000a5c                __aeabi_dcmpge
                0x08000a70                __aeabi_dcmpgt
 .text          0x08000a84       0x2c C:/ProgramData/MATLAB/SupportPackages/R2024b/3P.instrset/gnuarm-armcortex.instrset/win/bin/../lib/gcc/arm-none-eabi/13.2.1/thumb/v7e-m+fp/hard\libgcc.a(_arm_unorddf2.o)
                0x08000a84                __unorddf2
                0x08000a84                __aeabi_dcmpun
 .text          0x08000ab0       0x40 C:/ProgramData/MATLAB/SupportPackages/R2024b/3P.instrset/gnuarm-armcortex.instrset/win/bin/../lib/gcc/arm-none-eabi/13.2.1/thumb/v7e-m+fp/hard\libgcc.a(_arm_fixunsdfsi.o)
                0x08000ab0                __aeabi_d2uiz
                0x08000ab0                __fixunsdfsi
 .text          0x08000af0       0x30 C:/ProgramData/MATLAB/SupportPackages/R2024b/3P.instrset/gnuarm-armcortex.instrset/win/bin/../lib/gcc/arm-none-eabi/13.2.1/thumb/v7e-m+fp/hard\libgcc.a(_aeabi_uldivmod.o)
                0x08000af0                __aeabi_uldivmod
 .text          0x08000b20        0x4 C:/ProgramData/MATLAB/SupportPackages/R2024b/3P.instrset/gnuarm-armcortex.instrset/win/bin/../lib/gcc/arm-none-eabi/13.2.1/thumb/v7e-m+fp/hard\libgcc.a(_dvmd_tls.o)
                0x08000b20                __aeabi_idiv0
                0x08000b20                __aeabi_ldiv0
 *(.text*)
 .text.deregister_tm_clones
                0x08000b24       0x1c C:/ProgramData/MATLAB/SupportPackages/R2024b/3P.instrset/gnuarm-armcortex.instrset/win/bin/../lib/gcc/arm-none-eabi/13.2.1/thumb/v7e-m+fp/hard/crtbegin.o
 .text.register_tm_clones
                0x08000b40       0x24 C:/ProgramData/MATLAB/SupportPackages/R2024b/3P.instrset/gnuarm-armcortex.instrset/win/bin/../lib/gcc/arm-none-eabi/13.2.1/thumb/v7e-m+fp/hard/crtbegin.o
 .text.__do_global_dtors_aux
                0x08000b64       0x28 C:/ProgramData/MATLAB/SupportPackages/R2024b/3P.instrset/gnuarm-armcortex.instrset/win/bin/../lib/gcc/arm-none-eabi/13.2.1/thumb/v7e-m+fp/hard/crtbegin.o
 .text.frame_dummy
                0x08000b8c       0x24 C:/ProgramData/MATLAB/SupportPackages/R2024b/3P.instrset/gnuarm-armcortex.instrset/win/bin/../lib/gcc/arm-none-eabi/13.2.1/thumb/v7e-m+fp/hard/crtbegin.o
 .text.extmodeParseArgs
                0x08000bb0       0x1e xcp_ext_mode.o
                0x08000bb0                extmodeParseArgs
 *fill*         0x08000bce        0x2 
 .text.extmodeInit
                0x08000bd0      0x128 xcp_ext_mode.o
                0x08000bd0                extmodeInit
 .text.extmodeWaitForHostRequest
                0x08000cf8       0xcc xcp_ext_mode.o
                0x08000cf8                extmodeWaitForHostRequest
 .text.extmodeEvent
                0x08000dc4       0xfc xcp_ext_mode.o
                0x08000dc4                extmodeEvent
 .text.extmodeBackgroundRun
                0x08000ec0       0x20 xcp_ext_mode.o
                0x08000ec0                extmodeBackgroundRun
 .text.extmodeReset
                0x08000ee0       0x40 xcp_ext_mode.o
                0x08000ee0                extmodeReset
 .text.extmodeStopRequested
                0x08000f20       0x18 xcp_ext_mode.o
                0x08000f20                extmodeStopRequested
 .text.extmodeSimulationComplete
                0x08000f38       0x18 xcp_ext_mode.o
                0x08000f38                extmodeSimulationComplete
 .text.LL_GPIO_ReadInputPort
                0x08000f50       0x18 BasicKit.o
 .text.BasicKit_step
                0x08000f68      0x364 BasicKit.o
                0x08000f68                BasicKit_step
 *fill*         0x080012cc        0x4 
 .text.BasicKit_initialize
                0x080012d0       0xbc BasicKit.o
                0x080012d0                BasicKit_initialize
 .text.BasicKit_terminate
                0x0800138c        0xe BasicKit.o
                0x0800138c                BasicKit_terminate
 *fill*         0x0800139a        0x2 
 .text.rt_OneStep
                0x0800139c       0x78 ert_main.o
                0x0800139c                rt_OneStep
 .text.main     0x08001414      0x190 ert_main.o
                0x08001414                main
 .text.xcp_void_printf
                0x080015a4       0x12 xcp_ext_common.o
                0x080015a4                xcp_void_printf
 .text.xcpCopyTimeValue
                0x080015b6       0x26 xcp_ext_common.o
 *fill*         0x080015dc        0x4 
 .text.xcpExtModeUpdateTime
                0x080015e0      0x13c xcp_ext_common.o
                0x080015e0                xcpExtModeUpdateTime
 .text.xcpExtModeInit
                0x0800171c       0xb0 xcp_ext_common.o
                0x0800171c                xcpExtModeInit
 .text.xcpExtModeRunBackground
                0x080017cc      0x13c xcp_ext_common.o
                0x080017cc                xcpExtModeRunBackground
 .text.xcpExtModeReset
                0x08001908      0x128 xcp_ext_common.o
                0x08001908                xcpExtModeReset
 .text.sampleSignalTrigger
                0x08001a30      0x1b4 xcp_ext_classic_trigger.o
 .text.updateTriggerStatus
                0x08001be4      0x2b8 xcp_ext_classic_trigger.o
 .text.xcpExtModeClassicTriggerInit
                0x08001e9c       0x68 xcp_ext_classic_trigger.o
                0x08001e9c                xcpExtModeClassicTriggerInit
 .text.xcpExtModeClassicTriggerEnabled
                0x08001f04      0x100 xcp_ext_classic_trigger.o
                0x08001f04                xcpExtModeClassicTriggerEnabled
 .text.xcpExtModeClassicTriggerReset
                0x08002004       0xf4 xcp_ext_classic_trigger.o
                0x08002004                xcpExtModeClassicTriggerReset
 .text.xcpExtModeClassicTriggerForceEnableStatusUpdate
                0x080020f8       0x78 xcp_ext_classic_trigger.o
                0x080020f8                xcpExtModeClassicTriggerForceEnableStatusUpdate
 .text.msgBufferRealloc
                0x08002170       0x72 xcp.o
 *fill*         0x080021e2        0x2 
 .text.discardInputPacketHandler
                0x080021e4       0x3c xcp.o
 .text.unknownInputPacketHandler
                0x08002220       0x34 xcp.o
 .text.xcpGetPacketGroupID
                0x08002254       0x74 xcp.o
 .text.xcpGetPacketHandlers
                0x080022c8      0x124 xcp.o
 .text.xcpStatusSet
                0x080023ec       0x20 xcp.o
                0x080023ec                xcpStatusSet
 .text.xcpSessionStatusGet
                0x0800240c       0x18 xcp.o
                0x0800240c                xcpSessionStatusGet
 .text.xcpSessionStatusSetMask
                0x08002424       0x28 xcp.o
                0x08002424                xcpSessionStatusSetMask
 .text.xcpSessionStatusClearMask
                0x0800244c       0x34 xcp.o
                0x0800244c                xcpSessionStatusClearMask
 .text.xcpResourceProtectionStatusGet
                0x08002480       0x18 xcp.o
                0x08002480                xcpResourceProtectionStatusGet
 .text.xcpSessionConfigurationIdGet
                0x08002498       0x18 xcp.o
                0x08002498                xcpSessionConfigurationIdGet
 .text.genericOutputPacketHandler
                0x080024b0      0x11c xcp.o
                0x080024b0                genericOutputPacketHandler
 .text.xcpFindPacket
                0x080025cc       0x6e xcp.o
                0x080025cc                xcpFindPacket
 *fill*         0x0800263a        0x2 
 .text.xcpInit  0x0800263c       0x64 xcp.o
                0x0800263c                xcpInit
 .text.xcpRun   0x080026a0      0x194 xcp.o
                0x080026a0                xcpRun
 .text.xcpEvent
                0x08002834       0x50 xcp.o
                0x08002834                xcpEvent
 .text.xcpGetStatus
                0x08002884       0x18 xcp.o
                0x08002884                xcpGetStatus
 .text.xcpReset
                0x0800289c       0x40 xcp.o
                0x0800289c                xcpReset
 .text.xcpPackedModeEventsFlush
                0x080028dc       0x1e xcp.o
                0x080028dc                xcpPackedModeEventsFlush
 .text.xcpPackedModeEventReset
                0x080028fa       0x2a xcp.o
                0x080028fa                xcpPackedModeEventReset
 .text.isValidUploadSize
                0x08002924       0x30 xcp_standard.o
 .text.xcpMemcpyFromMTA
                0x08002954       0x38 xcp_standard.o
 .text.connectInputPacketHandler
                0x0800298c       0xa4 xcp_standard.o
 .text.connectOutputPacketHandler
                0x08002a30       0xd4 xcp_standard.o
 .text.disconnectInputPacketHandler
                0x08002b04       0x54 xcp_standard.o
 .text.getStatusInputPacketHandler
                0x08002b58       0x28 xcp_standard.o
 .text.getStatusOutputPacketHandler
                0x08002b80       0x80 xcp_standard.o
 .text.synchInputPacketHandler
                0x08002c00       0x44 xcp_standard.o
 .text.setMTAInputPacketHandler
                0x08002c44       0x78 xcp_standard.o
 .text.uploadInputPacketHandler
                0x08002cbc       0x98 xcp_standard.o
 .text.uploadOutputPacketHandler
                0x08002d54       0x9c xcp_standard.o
 .text.shortUploadInputPacketHandler
                0x08002df0       0xa4 xcp_standard.o
 .text.shortUploadOutputPacketHandler
                0x08002e94       0x9c xcp_standard.o
 .text.getPacket
                0x08002f30       0x24 xcp_standard.o
 .text.xcpStandardInit
                0x08002f54       0x18 xcp_standard.o
                0x08002f54                xcpStandardInit
 .text.xcpStandardGetPacketLookup
                0x08002f6c       0x18 xcp_standard.o
                0x08002f6c                xcpStandardGetPacketLookup
 .text.xcpStandardSetPacketLookup
                0x08002f84       0x20 xcp_standard.o
                0x08002f84                xcpStandardSetPacketLookup
 .text.xcpStandardReset
                0x08002fa4       0x12 xcp_standard.o
                0x08002fa4                xcpStandardReset
 *fill*         0x08002fb6        0x2 
 .text.xcpStandardGetAddressFromMta
                0x08002fb8       0x18 xcp_standard.o
                0x08002fb8                xcpStandardGetAddressFromMta
 .text.xcpStandardSetMta
                0x08002fd0       0x3c xcp_standard.o
                0x08002fd0                xcpStandardSetMta
 .text.xcpStandardIncrementMta
                0x0800300c       0x28 xcp_standard.o
                0x0800300c                xcpStandardIncrementMta
 .text.xcpStandardExtendedInit
                0x08003034        0xe xcp_standard.o
                0x08003034                xcpStandardExtendedInit
 .text.xcpStandardExtendedReset
                0x08003042        0xe xcp_standard.o
                0x08003042                xcpStandardExtendedReset
 .text.xcpDaqWriteLock
                0x08003050       0x4c xcp_daq.o
 .text.xcpDaqWriteUnlock
                0x0800309c       0x20 xcp_daq.o
 .text.xcpDaqReadLock
                0x080030bc       0x38 xcp_daq.o
 .text.xcpDaqReadUnlock
                0x080030f4       0x38 xcp_daq.o
 .text.isActiveDaqList
                0x0800312c       0x50 xcp_daq.o
 .text.noActiveDaqLists
                0x0800317c       0x50 xcp_daq.o
 .text.isValidDaqPtr
                0x080031cc       0xb8 xcp_daq.o
 .text.isValidDaqEntry
                0x08003284       0x36 xcp_daq.o
 .text.isSupportedDaqListMode
                0x080032ba       0x26 xcp_daq.o
 .text.isValidStartStopMode
                0x080032e0       0x32 xcp_daq.o
 .text.isValidStartStopSynchMode
                0x08003312       0x32 xcp_daq.o
 .text.absoluteOdtNumberIdentification
                0x08003344       0x10 xcp_daq.o
 .text.isDaqPackedModeEnabled
                0x08003354       0x6c xcp_daq.o
 .text.odtPacketSize
                0x080033c0       0x54 xcp_daq.o
 .text.createDaqReservedPool
                0x08003414       0x88 xcp_daq.o
 .text.destroyDaqReservedPool
                0x0800349c       0x2c xcp_daq.o
 .text.setDaqPtrInputPacketHandler
                0x080034c8       0xdc xcp_daq.o
 .text.writeDaqInputPacketHandler
                0x080035a4      0x198 xcp_daq.o
 .text.setDaqListModeInputPacketHandler
                0x0800373c      0x1c8 xcp_daq.o
 .text.startStopDaqListInputPacketHandler
                0x08003904      0x3f4 xcp_daq.o
 .text.startStopDaqListOutputPacketHandler
                0x08003cf8       0x5c xcp_daq.o
 .text.startStopSynchInputPacketHandler
                0x08003d54      0x328 xcp_daq.o
 .text.getDaqProcessorInfoInputPacketHandler
                0x0800407c       0x28 xcp_daq.o
 .text.getDaqProcessorInfoOutputPacketHandler
                0x080040a4       0xac xcp_daq.o
 .text.getDaqResolutionInfoInputPacketHandler
                0x08004150       0x28 xcp_daq.o
 .text.getDaqResolutionInfoOutputPacketHandler
                0x08004178       0xb8 xcp_daq.o
 .text.freeDaqInputPacketHandler
                0x08004230       0x5c xcp_daq.o
 .text.allocDaqInputPacketHandler
                0x0800428c      0x18c xcp_daq.o
 .text.allocOdtInputPacketHandler
                0x08004418      0x1c0 xcp_daq.o
 .text.allocOdtEntryInputPacketHandler
                0x080045d8      0x270 xcp_daq.o
 .text.getDaqClockInputPacketHandler
                0x08004848       0x22 xcp_daq.o
 *fill*         0x0800486a        0x2 
 .text.setDaqPackedModeInputPacketHandler
                0x0800486c      0x21c xcp_daq.o
 .text.level1CommandInputPacketHandler
                0x08004a88       0x64 xcp_daq.o
 .text.getPacket
                0x08004aec       0x24 xcp_daq.o
 .text.xcpDaqInit
                0x08004b10       0x38 xcp_daq.o
                0x08004b10                xcpDaqInit
 .text.xcpDaqGetPacketLookup
                0x08004b48       0x18 xcp_daq.o
                0x08004b48                xcpDaqGetPacketLookup
 .text.xcpDaqSetPacketLookup
                0x08004b60       0x20 xcp_daq.o
                0x08004b60                xcpDaqSetPacketLookup
 .text.xcpResetDaq
                0x08004b80       0xa4 xcp_daq.o
 .text.daqWriteXCPDataForOdt
                0x08004c24       0x7c xcp_daq.o
 .text.odtWriteEntries
                0x08004ca0       0x9c xcp_daq.o
 .text.xcpProcessDaq
                0x08004d3c      0x208 xcp_daq.o
 .text.xcpDaqEvent
                0x08004f44      0x108 xcp_daq.o
                0x08004f44                xcpDaqEvent
 .text.xcpDaqEventsFlush
                0x0800504c      0x284 xcp_daq.o
                0x0800504c                xcpDaqEventsFlush
 .text.xcpDaqLock
                0x080052d0       0x1e xcp_daq.o
                0x080052d0                xcpDaqLock
 .text.xcpDaqUnlock
                0x080052ee        0xe xcp_daq.o
                0x080052ee                xcpDaqUnlock
 .text.xcpResetDaqListStatus
                0x080052fc      0x19c xcp_daq.o
                0x080052fc                xcpResetDaqListStatus
 .text.xcpDaqReset
                0x08005498       0x20 xcp_daq.o
                0x08005498                xcpDaqReset
 .text.xcpDaqExtendedInit
                0x080054b8        0xe xcp_daq.o
                0x080054b8                xcpDaqExtendedInit
 .text.xcpDaqExtendedReset
                0x080054c6        0xe xcp_daq.o
                0x080054c6                xcpDaqExtendedReset
 .text.isValidShortDownloadSize
                0x080054d4       0x34 xcp_calibration.o
 .text.isValidDownloadSize
                0x08005508       0x3a xcp_calibration.o
 *fill*         0x08005542        0x2 
 .text.xcpMemcpyToMTA
                0x08005544       0x34 xcp_calibration.o
 .text.downloadInputPacketHandler
                0x08005578       0xb0 xcp_calibration.o
 .text.shortDownloadInputPacketHandler
                0x08005628       0xb8 xcp_calibration.o
 .text.getPacket
                0x080056e0       0x24 xcp_calibration.o
 .text.xcpCalibrationInit
                0x08005704       0x14 xcp_calibration.o
                0x08005704                xcpCalibrationInit
 .text.xcpCalibrationGetPacketLookup
                0x08005718       0x18 xcp_calibration.o
                0x08005718                xcpCalibrationGetPacketLookup
 .text.xcpCalibrationSetPacketLookup
                0x08005730       0x20 xcp_calibration.o
                0x08005730                xcpCalibrationSetPacketLookup
 .text.xcpCalibrationReset
                0x08005750        0xe xcp_calibration.o
                0x08005750                xcpCalibrationReset
 .text.xcpFifoInit
                0x0800575e       0x20 xcp_fifo.o
                0x0800575e                xcpFifoInit
 .text.xcpFifoEnqueue
                0x0800577e       0x2a xcp_fifo.o
                0x0800577e                xcpFifoEnqueue
 .text.xcpFifoDequeue
                0x080057a8       0x3e xcp_fifo.o
                0x080057a8                xcpFifoDequeue
 .text.xcpFifoEnqueueHead
                0x080057e6       0x32 xcp_fifo.o
                0x080057e6                xcpFifoEnqueueHead
 .text.xcpFifoReset
                0x08005818       0x16 xcp_fifo.o
                0x08005818                xcpFifoReset
 *fill*         0x0800582e        0x2 
 .text.xcpTransportEmptyTxFifo
                0x08005830       0x6c xcp_transport.o
 .text.xcpTransportEmptyRxFifo
                0x0800589c       0x6c xcp_transport.o
 .text.xcpTransportInit
                0x08005908      0x138 xcp_transport.o
                0x08005908                xcpTransportInit
 .text.xcpTransportTxReady
                0x08005a40       0x1a xcp_transport.o
                0x08005a40                xcpTransportTxReady
 .text.xcpTransportTxTrigger
                0x08005a5a       0x1a xcp_transport.o
                0x08005a5a                xcpTransportTxTrigger
 .text.xcpTransportTxPacketSet
                0x08005a74      0x144 xcp_transport.o
                0x08005a74                xcpTransportTxPacketSet
 .text.xcpTransportTx
                0x08005bb8       0xec xcp_transport.o
                0x08005bb8                xcpTransportTx
 .text.xcpTransportRx
                0x08005ca4       0x80 xcp_transport.o
                0x08005ca4                xcpTransportRx
 .text.xcpTransportRxPacketGet
                0x08005d24      0x12c xcp_transport.o
                0x08005d24                xcpTransportRxPacketGet
 .text.xcpTransportPacketOffset
                0x08005e50       0x20 xcp_transport.o
                0x08005e50                xcpTransportPacketOffset
 .text.xcpTransportMsgBufferSize
                0x08005e70       0x70 xcp_transport.o
                0x08005e70                xcpTransportMsgBufferSize
 .text.xcpTransportMaxDtoSize
                0x08005ee0        0xe xcp_transport.o
                0x08005ee0                xcpTransportMaxDtoSize
 .text.xcpTransportMaxCtoSize
                0x08005eee        0xe xcp_transport.o
                0x08005eee                xcpTransportMaxCtoSize
 .text.xcpTransportRestart
                0x08005efc       0x44 xcp_transport.o
                0x08005efc                xcpTransportRestart
 .text.xcpTransportResynch
                0x08005f40       0x40 xcp_transport.o
                0x08005f40                xcpTransportResynch
 .text.xcpTransportCtoReservedMemPoolId
                0x08005f80       0x18 xcp_transport.o
                0x08005f80                xcpTransportCtoReservedMemPoolId
 .text.xcpTransportReset
                0x08005f98       0xe4 xcp_transport.o
                0x08005f98                xcpTransportReset
 .text.xcpInitializePoolMemoryArea
                0x0800607c       0x72 xcp_mem_default.o
 *fill*         0x080060ee        0x2 
 .text.xcpMemInit
                0x080060f0      0x1d4 xcp_mem_default.o
                0x080060f0                xcpMemInit
 .text.xcpMemAlloc
                0x080062c4       0xe8 xcp_mem_default.o
                0x080062c4                xcpMemAlloc
 .text.xcpMemFree
                0x080063ac      0x170 xcp_mem_default.o
                0x080063ac                xcpMemFree
 .text.xcpMemReservedPoolCreate
                0x0800651c      0x224 xcp_mem_default.o
                0x0800651c                xcpMemReservedPoolCreate
 .text.xcpMemReservedPoolDestroy
                0x08006740      0x158 xcp_mem_default.o
                0x08006740                xcpMemReservedPoolDestroy
 .text.xcpMemCustomPoolCreate
                0x08006898       0xbc xcp_mem_default.o
                0x08006898                xcpMemCustomPoolCreate
 .text.xcpMemCustomPoolDestroy
                0x08006954       0x64 xcp_mem_default.o
                0x08006954                xcpMemCustomPoolDestroy
 .text.xcpMemAllocFromPool
                0x080069b8      0x170 xcp_mem_default.o
                0x080069b8                xcpMemAllocFromPool
 .text.xcpMemReset
                0x08006b28       0x50 xcp_mem_default.o
                0x08006b28                xcpMemReset
 .text.xcpDrvOpen
                0x08006b78       0x64 xcp_drv_rtiostream.o
                0x08006b78                xcpDrvOpen
 .text.xcpDrvIoctl
                0x08006bdc       0x4c xcp_drv_rtiostream.o
                0x08006bdc                xcpDrvIoctl
 .text.xcpDrvSend
                0x08006c28      0x14c xcp_drv_rtiostream.o
                0x08006c28                xcpDrvSend
 .text.xcpDrvRecv
                0x08006d74      0x14c xcp_drv_rtiostream.o
                0x08006d74                xcpDrvRecv
 .text.xcpDrvClose
                0x08006ec0       0x5c xcp_drv_rtiostream.o
                0x08006ec0                xcpDrvClose
 .text.xcpSortArray
                0x08006f1c       0xcc xcp_utils.o
                0x08006f1c                xcpSortArray
 .text.xcpSxiHtons
                0x08006fe8       0x18 xcp_frame_serial.o
 .text.xcpSxiNtohs
                0x08007000       0x1c xcp_frame_serial.o
 .text.xcpSxiChecksum
                0x0800701c       0x3e xcp_frame_serial.o
                0x0800701c                xcpSxiChecksum
 *fill*         0x0800705a        0x2 
 .text.xcpFrameInit
                0x0800705c       0x70 xcp_frame_serial.o
                0x0800705c                xcpFrameInit
 .text.xcpFrameMsgSend
                0x080070cc      0x188 xcp_frame_serial.o
                0x080070cc                xcpFrameMsgSend
 .text.xcpFrameMsgRecv
                0x08007254      0x180 xcp_frame_serial.o
                0x08007254                xcpFrameMsgRecv
 .text.xcpFrameCreateMsg
                0x080073d4       0x94 xcp_frame_serial.o
                0x080073d4                xcpFrameCreateMsg
 .text.xcpFrameExtractPacket
                0x08007468      0x158 xcp_frame_serial.o
                0x08007468                xcpFrameExtractPacket
 .text.xcpFrameHeaderSize
                0x080075c0       0x10 xcp_frame_serial.o
                0x080075c0                xcpFrameHeaderSize
 .text.xcpFrameTailSize
                0x080075d0       0x10 xcp_frame_serial.o
                0x080075d0                xcpFrameTailSize
 .text.xcpFrameMaxDtoSize
                0x080075e0       0x12 xcp_frame_serial.o
                0x080075e0                xcpFrameMaxDtoSize
 .text.xcpFrameMaxCtoSize
                0x080075f2       0x10 xcp_frame_serial.o
                0x080075f2                xcpFrameMaxCtoSize
 *fill*         0x08007602        0x2 
 .text.xcpFrameRestart
                0x08007604       0x30 xcp_frame_serial.o
                0x08007604                xcpFrameRestart
 .text.xcpFrameSetCtoReservedMemPoolId
                0x08007634       0x20 xcp_frame_serial.o
                0x08007634                xcpFrameSetCtoReservedMemPoolId
 .text.xcpFrameReset
                0x08007654       0x70 xcp_frame_serial.o
                0x08007654                xcpFrameReset
 .text.xcpTransportGetInitParameters
                0x080076c4       0x2e xcp_ext_param_default_serial.o
                0x080076c4                xcpTransportGetInitParameters
 .text.xcpGetInitParameters
                0x080076f2       0x2e xcp_ext_param_default_serial.o
                0x080076f2                xcpGetInitParameters
 .text.HAL_Delay
                0x08007720       0x2e overrideHALDelay.o
                0x08007720                HAL_Delay
 *fill*         0x0800774e        0x2 
 .text.PeriphCommonClock_Config
                0x08007750       0x10 platform_timer.o
                0x08007750                PeriphCommonClock_Config
 .text.getCurrentTimestampInMicros
                0x08007760       0x3c platform_timer.o
                0x08007760                getCurrentTimestampInMicros
 .text.returnTimeElapsed
                0x0800779c       0x2c platform_timer.o
                0x0800779c                returnTimeElapsed
 .text.timestampInit
                0x080077c8       0x28 platform_timer.o
 .text.getCurrentTimestamp
                0x080077f0       0x44 platform_timer.o
                0x080077f0                getCurrentTimestamp
 .text.__NVIC_SetPriority
                0x08007834       0x54 SysTickScheduler.o
 .text.SysTick_Config
                0x08007888       0x44 SysTickScheduler.o
 .text.SysTick_Isr
                0x080078cc       0x48 SysTickScheduler.o
 .text.SysTick_Handler
                0x08007914       0x20 SysTickScheduler.o
                0x08007914                SysTick_Handler
 .text.ARMCM_SysTick_Config
                0x08007934       0xb0 SysTickScheduler.o
                0x08007934                ARMCM_SysTick_Config
 .text.PendSV_Handler
                0x080079e4       0x44 m3m4m4f_multitasking.o
                0x080079e4                PendSV_Handler
 .text.SVC_Handler
                0x08007a28       0x58 m3m4m4f_multitasking.o
                0x08007a28                SVC_Handler
 .text.rtIOStreamOpen
                0x08007a80       0x44 rtiostream_serial.o
                0x08007a80                rtIOStreamOpen
 .text.rtIOStreamSend
                0x08007ac4       0x38 rtiostream_serial.o
                0x08007ac4                rtIOStreamSend
 .text.rtIOStreamRecv
                0x08007afc       0x48 rtiostream_serial.o
                0x08007afc                rtIOStreamRecv
 .text.rtIOStreamClose
                0x08007b44       0x20 rtiostream_serial.o
                0x08007b44                rtIOStreamClose
 .text.LL_DMA_GetDataLength
                0x08007b64       0x30 stm_usart.o
 .text.getAvailableDataInBuffer
                0x08007b94       0xcc stm_usart.o
                0x08007b94                getAvailableDataInBuffer
 .text.getBytesToBeReadFromBuffer
                0x08007c60       0x6e stm_usart.o
                0x08007c60                getBytesToBeReadFromBuffer
 *fill*         0x08007cce        0x2 
 .text.readDataFromBuffer
                0x08007cd0       0xdc stm_usart.o
                0x08007cd0                readDataFromBuffer
 .text.__NVIC_GetPriorityGrouping
                0x08007dac       0x1c stm_lpuart.o
 .text.__NVIC_EnableIRQ
                0x08007dc8       0x3c stm_lpuart.o
 .text.__NVIC_SetPriority
                0x08007e04       0x54 stm_lpuart.o
 .text.NVIC_EncodePriority
                0x08007e58       0x66 stm_lpuart.o
 *fill*         0x08007ebe        0x2 
 .text.LL_DMA_EnableChannel
                0x08007ec0       0x44 stm_lpuart.o
 .text.LL_DMA_DisableChannel
                0x08007f04       0x44 stm_lpuart.o
 .text.LL_DMA_GetMode
                0x08007f48       0x34 stm_lpuart.o
 .text.LL_DMA_SetDataLength
                0x08007f7c       0x4c stm_lpuart.o
 .text.LL_DMA_ConfigAddresses
                0x08007fc8       0x7c stm_lpuart.o
 .text.LL_DMA_IsActiveFlag_TC1
                0x08008044       0x26 stm_lpuart.o
 .text.LL_DMA_ClearFlag_TC1
                0x0800806a       0x1a stm_lpuart.o
 .text.LL_DMA_EnableIT_TC
                0x08008084       0x44 stm_lpuart.o
 .text.LL_DMA_DisableIT_TC
                0x080080c8       0x44 stm_lpuart.o
 .text.LL_DMA_IsEnabledIT_TC
                0x0800810c       0x3c stm_lpuart.o
 .text.LL_LPUART_Enable
                0x08008148       0x20 stm_lpuart.o
 .text.LL_LPUART_Disable
                0x08008168       0x20 stm_lpuart.o
 .text.LL_LPUART_IsEnabled
                0x08008188       0x26 stm_lpuart.o
 .text.LL_LPUART_IsActiveFlag_PE
                0x080081ae       0x26 stm_lpuart.o
 .text.LL_LPUART_IsActiveFlag_FE
                0x080081d4       0x26 stm_lpuart.o
 .text.LL_LPUART_IsActiveFlag_NE
                0x080081fa       0x26 stm_lpuart.o
 .text.LL_LPUART_IsActiveFlag_ORE
                0x08008220       0x26 stm_lpuart.o
 .text.LL_LPUART_IsActiveFlag_TC
                0x08008246       0x26 stm_lpuart.o
 .text.LL_LPUART_IsActiveFlag_TXE_TXFNF
                0x0800826c       0x26 stm_lpuart.o
 .text.LL_LPUART_ClearFlag_PE
                0x08008292       0x1a stm_lpuart.o
 .text.LL_LPUART_ClearFlag_FE
                0x080082ac       0x1a stm_lpuart.o
 .text.LL_LPUART_ClearFlag_NE
                0x080082c6       0x1a stm_lpuart.o
 .text.LL_LPUART_ClearFlag_ORE
                0x080082e0       0x1a stm_lpuart.o
 .text.LL_LPUART_EnableIT_RXNE_RXFNE
                0x080082fa       0x42 stm_lpuart.o
 .text.LL_LPUART_EnableIT_PE
                0x0800833c       0x42 stm_lpuart.o
 .text.LL_LPUART_EnableIT_ERROR
                0x0800837e       0x46 stm_lpuart.o
 .text.LL_LPUART_DisableIT_RXNE_RXFNE
                0x080083c4       0x42 stm_lpuart.o
 .text.LL_LPUART_DisableIT_TXE_TXFNF
                0x08008406       0x42 stm_lpuart.o
 .text.LL_LPUART_DisableIT_PE
                0x08008448       0x42 stm_lpuart.o
 .text.LL_LPUART_DisableIT_ERROR
                0x0800848a       0x46 stm_lpuart.o
 .text.LL_LPUART_EnableDMAReq_RX
                0x080084d0       0x46 stm_lpuart.o
 .text.LL_LPUART_DisableDMAReq_RX
                0x08008516       0x46 stm_lpuart.o
 .text.LL_LPUART_EnableDMAReq_TX
                0x0800855c       0x46 stm_lpuart.o
 .text.LL_LPUART_DisableDMAReq_TX
                0x080085a2       0x46 stm_lpuart.o
 .text.LL_LPUART_DMA_GetRegAddr
                0x080085e8       0x2c stm_lpuart.o
 .text.LL_LPUART_ReceiveData8
                0x08008614       0x1a stm_lpuart.o
 .text.LL_LPUART_TransmitData8
                0x0800862e       0x1e stm_lpuart.o
 .text.LPUART_RXDMAInterruptHandler
                0x0800864c       0xd4 stm_lpuart.o
                0x0800864c                LPUART_RXDMAInterruptHandler
 .text.LPUART_IsActiveFlagError
                0x08008720       0xf4 stm_lpuart.o
                0x08008720                LPUART_IsActiveFlagError
 .text.LPUART1_IRQHandler
                0x08008814       0x14 stm_lpuart.o
                0x08008814                LPUART1_IRQHandler
 .text.DMA1_Channel1_IRQHandler
                0x08008828       0x20 stm_lpuart.o
                0x08008828                DMA1_Channel1_IRQHandler
 .text.LPUART_ConfigureReceiveDMA
                0x08008848       0xae stm_lpuart.o
                0x08008848                LPUART_ConfigureReceiveDMA
 .text.LPUART_ConfigureTransmitDMA
                0x080088f6       0x7a stm_lpuart.o
                0x080088f6                LPUART_ConfigureTransmitDMA
 .text.MW_LPUART_GetReadErrorStatus
                0x08008970       0xc8 stm_lpuart.o
                0x08008970                MW_LPUART_GetReadErrorStatus
 .text.MW_LPUART_Initialize
                0x08008a38      0x170 stm_lpuart.o
                0x08008a38                MW_LPUART_Initialize
 .text.MW_LPUART_ReceiveUsingBuffer
                0x08008ba8       0x5c stm_lpuart.o
                0x08008ba8                MW_LPUART_ReceiveUsingBuffer
 .text.MW_LPUART_TransmitUsingPolling
                0x08008c04      0x184 stm_lpuart.o
                0x08008c04                MW_LPUART_TransmitUsingPolling
 .text.MW_LPUART_DeInit
                0x08008d88       0xaa stm_lpuart.o
                0x08008d88                MW_LPUART_DeInit
 .text.sys_arch_protect
                0x08008e32       0x22 sys_arch.o
                0x08008e32                sys_arch_protect
 .text.sys_arch_unprotect
                0x08008e54       0x20 sys_arch.o
                0x08008e54                sys_arch_unprotect
 .text.__NVIC_GetPriorityGrouping
                0x08008e74       0x1c main.o
 .text.__NVIC_EnableIRQ
                0x08008e90       0x3c main.o
 .text.__NVIC_SetPriority
                0x08008ecc       0x54 main.o
 .text.NVIC_EncodePriority
                0x08008f20       0x66 main.o
 .text.LL_ADC_SetGainCompensation
                0x08008f86       0x4a main.o
 .text.LL_ADC_REG_SetSequencerRanks
                0x08008fd0       0x58 main.o
 .text.LL_ADC_SetChannelSamplingTime
                0x08009028       0x56 main.o
 *fill*         0x0800907e        0x2 
 .text.LL_ADC_SetChannelSingleDiff
                0x08009080       0x50 main.o
 .text.LL_ADC_SetOverSamplingScope
                0x080090d0       0x2a main.o
 .text.LL_ADC_DisableDeepPowerDown
                0x080090fa       0x24 main.o
 .text.LL_ADC_EnableInternalRegulator
                0x0800911e       0x28 main.o
 *fill*         0x08009146        0x2 
 .text.LL_DMA_SetDataTransferDirection
                0x08009148       0x50 main.o
 .text.LL_DMA_SetMode
                0x08009198       0x4c main.o
 .text.LL_DMA_SetPeriphIncMode
                0x080091e4       0x4c main.o
 .text.LL_DMA_SetMemoryIncMode
                0x08009230       0x4c main.o
 .text.LL_DMA_SetPeriphSize
                0x0800927c       0x4c main.o
 .text.LL_DMA_SetMemorySize
                0x080092c8       0x4c main.o
 .text.LL_DMA_SetChannelPriorityLevel
                0x08009314       0x4c main.o
 .text.LL_DMA_SetPeriphRequest
                0x08009360       0x54 main.o
 .text.LL_LPUART_Enable
                0x080093b4       0x20 main.o
 .text.LL_LPUART_DisableFIFO
                0x080093d4       0x20 main.o
 .text.LL_LPUART_SetTXFIFOThreshold
                0x080093f4       0x4e main.o
 .text.LL_LPUART_SetRXFIFOThreshold
                0x08009442       0x4e main.o
 .text.LL_LPUART_IsActiveFlag_TEACK
                0x08009490       0x28 main.o
 .text.LL_LPUART_IsActiveFlag_REACK
                0x080094b8       0x28 main.o
 .text.LL_RCC_HSI_Enable
                0x080094e0       0x20 main.o
 .text.LL_RCC_HSI_IsReady
                0x08009500       0x28 main.o
 .text.LL_RCC_HSI_SetCalibTrimming
                0x08009528       0x2c main.o
 .text.LL_RCC_SetSysClkSource
                0x08009554       0x28 main.o
 .text.LL_RCC_GetSysClkSource
                0x0800957c       0x1c main.o
 .text.LL_RCC_SetAHBPrescaler
                0x08009598       0x28 main.o
 .text.LL_RCC_SetAPB1Prescaler
                0x080095c0       0x28 main.o
 .text.LL_RCC_SetAPB2Prescaler
                0x080095e8       0x28 main.o
 .text.LL_RCC_SetLPUARTClockSource
                0x08009610       0x2c main.o
 .text.LL_RCC_SetADCClockSource
                0x0800963c       0x48 main.o
 .text.LL_RCC_PLL_Enable
                0x08009684       0x20 main.o
 .text.LL_RCC_PLL_IsReady
                0x080096a4       0x28 main.o
 .text.LL_RCC_PLL_ConfigDomain_SYS
                0x080096cc       0x40 main.o
 .text.LL_RCC_PLL_EnableDomain_SYS
                0x0800970c       0x20 main.o
 .text.LL_AHB1_GRP1_EnableClock
                0x0800972c       0x30 main.o
 .text.LL_AHB2_GRP1_EnableClock
                0x0800975c       0x30 main.o
 .text.LL_APB1_GRP1_EnableClock
                0x0800978c       0x30 main.o
 .text.LL_APB1_GRP2_EnableClock
                0x080097bc       0x30 main.o
 .text.LL_APB2_GRP1_EnableClock
                0x080097ec       0x30 main.o
 .text.LL_SYSCFG_SetEXTISource
                0x0800981c       0x70 main.o
 .text.LL_FLASH_SetLatency
                0x0800988c       0x28 main.o
 .text.LL_FLASH_GetLatency
                0x080098b4       0x1c main.o
 .text.LL_PWR_EnableRange1BoostMode
                0x080098d0       0x24 main.o
 .text.LL_TIM_DisableARRPreload
                0x080098f4       0x20 main.o
 .text.LL_TIM_IC_SetActiveInput
                0x08009914       0xc0 main.o
 .text.LL_TIM_IC_SetPrescaler
                0x080099d4       0xc0 main.o
 .text.LL_TIM_IC_SetFilter
                0x08009a94       0xc0 main.o
 .text.LL_TIM_IC_SetPolarity
                0x08009b54       0xac main.o
 .text.LL_TIM_SetEncoderMode
                0x08009c00       0x2a main.o
 .text.LL_TIM_SetTriggerOutput
                0x08009c2a       0x2a main.o
 .text.LL_TIM_SetTriggerOutput2
                0x08009c54       0x26 main.o
 .text.LL_TIM_DisableMasterSlaveMode
                0x08009c7a       0x20 main.o
 .text.LL_GPIO_SetPinMode
                0x08009c9a       0x7a main.o
 .text.LL_GPIO_SetPinPull
                0x08009d14       0x7a main.o
 .text.LL_GPIO_ResetOutputPin
                0x08009d8e       0x1c main.o
 *fill*         0x08009daa        0x2 
 .text.SystemClock_Config
                0x08009dac       0xc8 main.o
                0x08009dac                SystemClock_Config
 .text.MX_ADC1_Init
                0x08009e74      0x15c main.o
                0x08009e74                MX_ADC1_Init
 .text.MX_LPUART1_UART_Init
                0x08009fd0      0x148 main.o
                0x08009fd0                MX_LPUART1_UART_Init
 .text.MX_TIM1_Init
                0x0800a118      0x128 main.o
                0x0800a118                MX_TIM1_Init
 .text.MX_TIM3_Init
                0x0800a240      0x118 main.o
                0x0800a240                MX_TIM3_Init
 .text.MX_TIM4_Init
                0x0800a358      0x118 main.o
                0x0800a358                MX_TIM4_Init
 .text.MX_DMA_Init
                0x0800a470       0x34 main.o
                0x0800a470                MX_DMA_Init
 .text.MX_GPIO_Init
                0x0800a4a4      0x138 main.o
                0x0800a4a4                MX_GPIO_Init
 .text.HAL_TIM_PeriodElapsedCallback
                0x0800a5dc       0x1e main.o
                0x0800a5dc                HAL_TIM_PeriodElapsedCallback
 .text.Error_Handler
                0x0800a5fa        0xc main.o
                0x0800a5fa                Error_Handler
 *fill*         0x0800a606        0x2 
 .text.LL_EXTI_IsActiveFlag_0_31
                0x0800a608       0x2c stm32g4xx_it.o
 .text.LL_EXTI_ClearFlag_0_31
                0x0800a634       0x20 stm32g4xx_it.o
 .text.NMI_Handler
                0x0800a654        0x8 stm32g4xx_it.o
                0x0800a654                NMI_Handler
 .text.HardFault_Handler
                0x0800a65c        0x8 stm32g4xx_it.o
                0x0800a65c                HardFault_Handler
 .text.MemManage_Handler
                0x0800a664        0x8 stm32g4xx_it.o
                0x0800a664                MemManage_Handler
 .text.BusFault_Handler
                0x0800a66c        0x8 stm32g4xx_it.o
                0x0800a66c                BusFault_Handler
 .text.UsageFault_Handler
                0x0800a674        0x8 stm32g4xx_it.o
                0x0800a674                UsageFault_Handler
 .text.DebugMon_Handler
                0x0800a67c        0xe stm32g4xx_it.o
                0x0800a67c                DebugMon_Handler
 *fill*         0x0800a68a        0x2 
 .text.TIM2_IRQHandler
                0x0800a68c       0x14 stm32g4xx_it.o
                0x0800a68c                TIM2_IRQHandler
 .text.EXTI15_10_IRQHandler
                0x0800a6a0       0x1e stm32g4xx_it.o
                0x0800a6a0                EXTI15_10_IRQHandler
 *fill*         0x0800a6be        0x2 
 .text.HAL_MspInit
                0x0800a6c0       0x48 stm32g4xx_hal_msp.o
                0x0800a6c0                HAL_MspInit
 .text.HAL_InitTick
                0x0800a708       0xdc stm32g4xx_hal_timebase_tim.o
                0x0800a708                HAL_InitTick
 .text.LL_SetSystemCoreClock
                0x0800a7e4       0x20 stm32g4xx_ll_utils.o
                0x0800a7e4                LL_SetSystemCoreClock
 .text.LL_EXTI_EnableIT_0_31
                0x0800a804       0x24 stm32g4xx_ll_exti.o
 .text.LL_EXTI_EnableIT_32_63
                0x0800a828       0x24 stm32g4xx_ll_exti.o
 .text.LL_EXTI_DisableIT_0_31
                0x0800a84c       0x28 stm32g4xx_ll_exti.o
 .text.LL_EXTI_DisableIT_32_63
                0x0800a874       0x28 stm32g4xx_ll_exti.o
 .text.LL_EXTI_EnableEvent_0_31
                0x0800a89c       0x24 stm32g4xx_ll_exti.o
 .text.LL_EXTI_EnableEvent_32_63
                0x0800a8c0       0x24 stm32g4xx_ll_exti.o
 .text.LL_EXTI_DisableEvent_0_31
                0x0800a8e4       0x28 stm32g4xx_ll_exti.o
 .text.LL_EXTI_DisableEvent_32_63
                0x0800a90c       0x28 stm32g4xx_ll_exti.o
 .text.LL_EXTI_EnableRisingTrig_0_31
                0x0800a934       0x24 stm32g4xx_ll_exti.o
 .text.LL_EXTI_EnableRisingTrig_32_63
                0x0800a958       0x24 stm32g4xx_ll_exti.o
 .text.LL_EXTI_DisableRisingTrig_0_31
                0x0800a97c       0x28 stm32g4xx_ll_exti.o
 .text.LL_EXTI_DisableRisingTrig_32_63
                0x0800a9a4       0x28 stm32g4xx_ll_exti.o
 .text.LL_EXTI_EnableFallingTrig_0_31
                0x0800a9cc       0x24 stm32g4xx_ll_exti.o
 .text.LL_EXTI_EnableFallingTrig_32_63
                0x0800a9f0       0x24 stm32g4xx_ll_exti.o
 .text.LL_EXTI_DisableFallingTrig_0_31
                0x0800aa14       0x28 stm32g4xx_ll_exti.o
 .text.LL_EXTI_DisableFallingTrig_32_63
                0x0800aa3c       0x28 stm32g4xx_ll_exti.o
 .text.LL_EXTI_Init
                0x0800aa64      0x1ec stm32g4xx_ll_exti.o
                0x0800aa64                LL_EXTI_Init
 .text.LL_GPIO_SetPinMode
                0x0800ac50       0x7a stm32g4xx_ll_gpio.o
 .text.LL_GPIO_SetPinOutputType
                0x0800acca       0x30 stm32g4xx_ll_gpio.o
 .text.LL_GPIO_SetPinSpeed
                0x0800acfa       0x7a stm32g4xx_ll_gpio.o
 .text.LL_GPIO_SetPinPull
                0x0800ad74       0x7a stm32g4xx_ll_gpio.o
 .text.LL_GPIO_SetAFPin_0_7
                0x0800adee       0x7a stm32g4xx_ll_gpio.o
 .text.LL_GPIO_SetAFPin_8_15
                0x0800ae68       0x7e stm32g4xx_ll_gpio.o
 .text.LL_GPIO_Init
                0x0800aee6       0xdc stm32g4xx_ll_gpio.o
                0x0800aee6                LL_GPIO_Init
 .text.LL_ADC_REG_SetSequencerLength
                0x0800afc2       0x26 stm32g4xx_ll_adc.o
 .text.LL_ADC_IsEnabled
                0x0800afe8       0x26 stm32g4xx_ll_adc.o
 *fill*         0x0800b00e        0x2 
 .text.LL_ADC_CommonInit
                0x0800b010       0xc8 stm32g4xx_ll_adc.o
                0x0800b010                LL_ADC_CommonInit
 .text.LL_ADC_Init
                0x0800b0d8       0x4c stm32g4xx_ll_adc.o
                0x0800b0d8                LL_ADC_Init
 .text.LL_ADC_REG_Init
                0x0800b124       0x94 stm32g4xx_ll_adc.o
                0x0800b124                LL_ADC_REG_Init
 .text.HAL_Init
                0x0800b1b8       0x30 stm32g4xx_hal.o
                0x0800b1b8                HAL_Init
 .text.HAL_IncTick
                0x0800b1e8       0x24 stm32g4xx_hal.o
                0x0800b1e8                HAL_IncTick
 .text.HAL_GetTick
                0x0800b20c       0x18 stm32g4xx_hal.o
                0x0800b20c                HAL_GetTick
 .text.HAL_RCC_GetHCLKFreq
                0x0800b224       0x18 stm32g4xx_hal_rcc.o
                0x0800b224                HAL_RCC_GetHCLKFreq
 .text.HAL_RCC_GetPCLK1Freq
                0x0800b23c       0x2c stm32g4xx_hal_rcc.o
                0x0800b23c                HAL_RCC_GetPCLK1Freq
 .text.HAL_RCC_GetClockConfig
                0x0800b268       0x64 stm32g4xx_hal_rcc.o
                0x0800b268                HAL_RCC_GetClockConfig
 .text.HAL_PWREx_DisableUCPDDeadBattery
                0x0800b2cc       0x20 stm32g4xx_hal_pwr_ex.o
                0x0800b2cc                HAL_PWREx_DisableUCPDDeadBattery
 .text.__NVIC_SetPriorityGrouping
                0x0800b2ec       0x48 stm32g4xx_hal_cortex.o
 .text.__NVIC_GetPriorityGrouping
                0x0800b334       0x1c stm32g4xx_hal_cortex.o
 .text.__NVIC_EnableIRQ
                0x0800b350       0x3c stm32g4xx_hal_cortex.o
 .text.__NVIC_SetPriority
                0x0800b38c       0x54 stm32g4xx_hal_cortex.o
 .text.NVIC_EncodePriority
                0x0800b3e0       0x66 stm32g4xx_hal_cortex.o
 .text.HAL_NVIC_SetPriorityGrouping
                0x0800b446       0x16 stm32g4xx_hal_cortex.o
                0x0800b446                HAL_NVIC_SetPriorityGrouping
 .text.HAL_NVIC_SetPriority
                0x0800b45c       0x34 stm32g4xx_hal_cortex.o
                0x0800b45c                HAL_NVIC_SetPriority
 .text.HAL_NVIC_EnableIRQ
                0x0800b490       0x1c stm32g4xx_hal_cortex.o
                0x0800b490                HAL_NVIC_EnableIRQ
 .text.LL_LPUART_IsEnabled
                0x0800b4ac       0x26 stm32g4xx_ll_lpuart.o
 .text.LL_LPUART_SetPrescaler
                0x0800b4d2       0x28 stm32g4xx_ll_lpuart.o
 .text.LL_LPUART_SetStopBitsLength
                0x0800b4fa       0x26 stm32g4xx_ll_lpuart.o
 .text.LL_LPUART_SetHWFlowCtrl
                0x0800b520       0x26 stm32g4xx_ll_lpuart.o
 *fill*         0x0800b546        0x2 
 .text.LL_LPUART_SetBaudRate
                0x0800b548       0x98 stm32g4xx_ll_lpuart.o
 .text.LL_LPUART_Init
                0x0800b5e0       0x98 stm32g4xx_ll_lpuart.o
                0x0800b5e0                LL_LPUART_Init
 .text.LL_RCC_HSI_IsReady
                0x0800b678       0x28 stm32g4xx_ll_rcc.o
 .text.LL_RCC_LSE_IsReady
                0x0800b6a0       0x28 stm32g4xx_ll_rcc.o
 .text.LL_RCC_GetSysClkSource
                0x0800b6c8       0x1c stm32g4xx_ll_rcc.o
 .text.LL_RCC_GetAHBPrescaler
                0x0800b6e4       0x1c stm32g4xx_ll_rcc.o
 .text.LL_RCC_GetAPB1Prescaler
                0x0800b700       0x1c stm32g4xx_ll_rcc.o
 .text.LL_RCC_GetLPUARTClockSource
                0x0800b71c       0x24 stm32g4xx_ll_rcc.o
 .text.LL_RCC_PLL_GetMainSource
                0x0800b740       0x1c stm32g4xx_ll_rcc.o
 .text.LL_RCC_PLL_GetN
                0x0800b75c       0x1c stm32g4xx_ll_rcc.o
 .text.LL_RCC_PLL_GetR
                0x0800b778       0x1c stm32g4xx_ll_rcc.o
 .text.LL_RCC_PLL_GetDivider
                0x0800b794       0x1c stm32g4xx_ll_rcc.o
 .text.LL_RCC_GetLPUARTClockFreq
                0x0800b7b0       0x84 stm32g4xx_ll_rcc.o
                0x0800b7b0                LL_RCC_GetLPUARTClockFreq
 .text.RCC_GetSystemClockFreq
                0x0800b834       0x4c stm32g4xx_ll_rcc.o
 .text.RCC_GetHCLKClockFreq
                0x0800b880       0x30 stm32g4xx_ll_rcc.o
 .text.RCC_GetPCLK1ClockFreq
                0x0800b8b0       0x2c stm32g4xx_ll_rcc.o
 .text.RCC_PLL_GetFreqDomain_SYS
                0x0800b8dc       0x68 stm32g4xx_ll_rcc.o
 .text.HAL_TIM_Base_Init
                0x0800b944       0xae stm32g4xx_hal_tim.o
                0x0800b944                HAL_TIM_Base_Init
 .text.HAL_TIM_Base_MspInit
                0x0800b9f2       0x14 stm32g4xx_hal_tim.o
                0x0800b9f2                HAL_TIM_Base_MspInit
 *fill*         0x0800ba06        0x2 
 .text.HAL_TIM_Base_Start_IT
                0x0800ba08       0xf0 stm32g4xx_hal_tim.o
                0x0800ba08                HAL_TIM_Base_Start_IT
 .text.HAL_TIM_IRQHandler
                0x0800baf8      0x2fe stm32g4xx_hal_tim.o
                0x0800baf8                HAL_TIM_IRQHandler
 .text.HAL_TIM_OC_DelayElapsedCallback
                0x0800bdf6       0x14 stm32g4xx_hal_tim.o
                0x0800bdf6                HAL_TIM_OC_DelayElapsedCallback
 .text.HAL_TIM_IC_CaptureCallback
                0x0800be0a       0x14 stm32g4xx_hal_tim.o
                0x0800be0a                HAL_TIM_IC_CaptureCallback
 .text.HAL_TIM_PWM_PulseFinishedCallback
                0x0800be1e       0x14 stm32g4xx_hal_tim.o
                0x0800be1e                HAL_TIM_PWM_PulseFinishedCallback
 .text.HAL_TIM_TriggerCallback
                0x0800be32       0x14 stm32g4xx_hal_tim.o
                0x0800be32                HAL_TIM_TriggerCallback
 *fill*         0x0800be46        0x2 
 .text.TIM_Base_SetConfig
                0x0800be48      0x150 stm32g4xx_hal_tim.o
                0x0800be48                TIM_Base_SetConfig
 .text.HAL_TIMEx_CommutCallback
                0x0800bf98       0x14 stm32g4xx_hal_tim_ex.o
                0x0800bf98                HAL_TIMEx_CommutCallback
 .text.HAL_TIMEx_BreakCallback
                0x0800bfac       0x14 stm32g4xx_hal_tim_ex.o
                0x0800bfac                HAL_TIMEx_BreakCallback
 .text.HAL_TIMEx_Break2Callback
                0x0800bfc0       0x14 stm32g4xx_hal_tim_ex.o
                0x0800bfc0                HAL_TIMEx_Break2Callback
 .text.HAL_TIMEx_EncoderIndexCallback
                0x0800bfd4       0x14 stm32g4xx_hal_tim_ex.o
                0x0800bfd4                HAL_TIMEx_EncoderIndexCallback
 .text.HAL_TIMEx_DirectionChangeCallback
                0x0800bfe8       0x14 stm32g4xx_hal_tim_ex.o
                0x0800bfe8                HAL_TIMEx_DirectionChangeCallback
 .text.HAL_TIMEx_IndexErrorCallback
                0x0800bffc       0x14 stm32g4xx_hal_tim_ex.o
                0x0800bffc                HAL_TIMEx_IndexErrorCallback
 .text.HAL_TIMEx_TransitionErrorCallback
                0x0800c010       0x14 stm32g4xx_hal_tim_ex.o
                0x0800c010                HAL_TIMEx_TransitionErrorCallback
 .text.LL_TIM_SetPrescaler
                0x0800c024       0x1c stm32g4xx_ll_tim.o
 .text.LL_TIM_SetAutoReload
                0x0800c040       0x1c stm32g4xx_ll_tim.o
 .text.LL_TIM_SetRepetitionCounter
                0x0800c05c       0x1c stm32g4xx_ll_tim.o
 .text.LL_TIM_GenerateEvent_UPDATE
                0x0800c078       0x20 stm32g4xx_ll_tim.o
 .text.LL_TIM_Init
                0x0800c098      0x144 stm32g4xx_ll_tim.o
                0x0800c098                LL_TIM_Init
 .text.SystemInit
                0x0800c1dc       0x24 system_stm32g4xx.o
                0x0800c1dc                SystemInit
 .text.Reset_Handler
                0x0800c200       0x50 startup_stm32g474retx.o
                0x0800c200                Reset_Handler
 .text.Default_Handler
                0x0800c250        0x2 startup_stm32g474retx.o
                0x0800c250                RTC_Alarm_IRQHandler
                0x0800c250                EXTI2_IRQHandler
                0x0800c250                TIM8_TRG_COM_IRQHandler
                0x0800c250                TIM8_CC_IRQHandler
                0x0800c250                HRTIM1_Master_IRQHandler
                0x0800c250                SPI4_IRQHandler
                0x0800c250                FDCAN3_IT0_IRQHandler
                0x0800c250                TIM1_CC_IRQHandler
                0x0800c250                HRTIM1_FLT_IRQHandler
                0x0800c250                HRTIM1_TIMF_IRQHandler
                0x0800c250                USB_HP_IRQHandler
                0x0800c250                CORDIC_IRQHandler
                0x0800c250                HRTIM1_TIMD_IRQHandler
                0x0800c250                DMA2_Channel8_IRQHandler
                0x0800c250                EXTI3_IRQHandler
                0x0800c250                I2C3_ER_IRQHandler
                0x0800c250                EXTI0_IRQHandler
                0x0800c250                I2C2_EV_IRQHandler
                0x0800c250                FPU_IRQHandler
                0x0800c250                FDCAN1_IT1_IRQHandler
                0x0800c250                TIM1_UP_TIM16_IRQHandler
                0x0800c250                ADC1_2_IRQHandler
                0x0800c250                HRTIM1_TIME_IRQHandler
                0x0800c250                SPI1_IRQHandler
                0x0800c250                TIM6_DAC_IRQHandler
                0x0800c250                HRTIM1_TIMC_IRQHandler
                0x0800c250                TIM8_UP_IRQHandler
                0x0800c250                DMA2_Channel2_IRQHandler
                0x0800c250                DMA1_Channel4_IRQHandler
                0x0800c250                TIM20_TRG_COM_IRQHandler
                0x0800c250                USART3_IRQHandler
                0x0800c250                DMA1_Channel7_IRQHandler
                0x0800c250                UART5_IRQHandler
                0x0800c250                ADC3_IRQHandler
                0x0800c250                TIM4_IRQHandler
                0x0800c250                DMA2_Channel1_IRQHandler
                0x0800c250                QUADSPI_IRQHandler
                0x0800c250                I2C1_EV_IRQHandler
                0x0800c250                DMA1_Channel6_IRQHandler
                0x0800c250                UART4_IRQHandler
                0x0800c250                DMA2_Channel4_IRQHandler
                0x0800c250                TIM3_IRQHandler
                0x0800c250                RCC_IRQHandler
                0x0800c250                TIM20_UP_IRQHandler
                0x0800c250                Default_Handler
                0x0800c250                DMA2_Channel7_IRQHandler
                0x0800c250                RTC_TAMP_LSECSS_IRQHandler
                0x0800c250                FMAC_IRQHandler
                0x0800c250                DMA1_Channel8_IRQHandler
                0x0800c250                HRTIM1_TIMA_IRQHandler
                0x0800c250                TIM7_DAC_IRQHandler
                0x0800c250                FDCAN3_IT1_IRQHandler
                0x0800c250                TIM5_IRQHandler
                0x0800c250                UCPD1_IRQHandler
                0x0800c250                I2C3_EV_IRQHandler
                0x0800c250                EXTI9_5_IRQHandler
                0x0800c250                RTC_WKUP_IRQHandler
                0x0800c250                PVD_PVM_IRQHandler
                0x0800c250                SPI2_IRQHandler
                0x0800c250                ADC5_IRQHandler
                0x0800c250                DMA2_Channel5_IRQHandler
                0x0800c250                CRS_IRQHandler
                0x0800c250                DMA1_Channel5_IRQHandler
                0x0800c250                USB_LP_IRQHandler
                0x0800c250                EXTI4_IRQHandler
                0x0800c250                RNG_IRQHandler
                0x0800c250                HRTIM1_TIMB_IRQHandler
                0x0800c250                TIM1_TRG_COM_TIM17_IRQHandler
                0x0800c250                FDCAN2_IT1_IRQHandler
                0x0800c250                DMA1_Channel3_IRQHandler
                0x0800c250                ADC4_IRQHandler
                0x0800c250                WWDG_IRQHandler
                0x0800c250                I2C4_EV_IRQHandler
                0x0800c250                FDCAN2_IT0_IRQHandler
                0x0800c250                DMA2_Channel6_IRQHandler
                0x0800c250                FDCAN1_IT0_IRQHandler
                0x0800c250                COMP7_IRQHandler
                0x0800c250                COMP1_2_3_IRQHandler
                0x0800c250                EXTI1_IRQHandler
                0x0800c250                USART2_IRQHandler
                0x0800c250                COMP4_5_6_IRQHandler
                0x0800c250                TIM20_BRK_IRQHandler
                0x0800c250                I2C2_ER_IRQHandler
                0x0800c250                DMA1_Channel2_IRQHandler
                0x0800c250                TIM8_BRK_IRQHandler
                0x0800c250                FLASH_IRQHandler
                0x0800c250                TIM20_CC_IRQHandler
                0x0800c250                USART1_IRQHandler
                0x0800c250                SPI3_IRQHandler
                0x0800c250                I2C1_ER_IRQHandler
                0x0800c250                FMC_IRQHandler
                0x0800c250                LPTIM1_IRQHandler
                0x0800c250                DMAMUX_OVR_IRQHandler
                0x0800c250                I2C4_ER_IRQHandler
                0x0800c250                USBWakeUp_IRQHandler
                0x0800c250                SAI1_IRQHandler
                0x0800c250                DMA2_Channel3_IRQHandler
                0x0800c250                TIM1_BRK_TIM15_IRQHandler
 *fill*         0x0800c252        0x2 
 .text.fmod     0x0800c254       0x6c C:/ProgramData/MATLAB/SupportPackages/R2024b/3P.instrset/gnuarm-armcortex.instrset/win/bin/../lib/gcc/arm-none-eabi/13.2.1/thumb/v7e-m+fp/hard\libm.a(libm_a-w_fmod.o)
                0x0800c254                fmod
 .text.__ieee754_fmod
                0x0800c2c0      0x30c C:/ProgramData/MATLAB/SupportPackages/R2024b/3P.instrset/gnuarm-armcortex.instrset/win/bin/../lib/gcc/arm-none-eabi/13.2.1/thumb/v7e-m+fp/hard\libm.a(libm_a-e_fmod.o)
                0x0800c2c0                __ieee754_fmod
 .text.__udivmoddi4
                0x0800c5cc      0x2bc C:/ProgramData/MATLAB/SupportPackages/R2024b/3P.instrset/gnuarm-armcortex.instrset/win/bin/../lib/gcc/arm-none-eabi/13.2.1/thumb/v7e-m+fp/hard\libgcc.a(_udivmoddi4.o)
                0x0800c5cc                __udivmoddi4
 .text.memset   0x0800c888       0x10 C:/ProgramData/MATLAB/SupportPackages/R2024b/3P.instrset/gnuarm-armcortex.instrset/win/bin/../lib/gcc/arm-none-eabi/13.2.1/thumb/v7e-m+fp/hard\libg_nano.a(libc_a-memset.o)
                0x0800c888                memset
 .text.__errno  0x0800c898        0xc C:/ProgramData/MATLAB/SupportPackages/R2024b/3P.instrset/gnuarm-armcortex.instrset/win/bin/../lib/gcc/arm-none-eabi/13.2.1/thumb/v7e-m+fp/hard\libg_nano.a(libc_a-errno.o)
                0x0800c898                __errno
 .text.__libc_init_array
                0x0800c8a4       0x48 C:/ProgramData/MATLAB/SupportPackages/R2024b/3P.instrset/gnuarm-armcortex.instrset/win/bin/../lib/gcc/arm-none-eabi/13.2.1/thumb/v7e-m+fp/hard\libg_nano.a(libc_a-init.o)
                0x0800c8a4                __libc_init_array
 .text.memcpy   0x0800c8ec       0x1c C:/ProgramData/MATLAB/SupportPackages/R2024b/3P.instrset/gnuarm-armcortex.instrset/win/bin/../lib/gcc/arm-none-eabi/13.2.1/thumb/v7e-m+fp/hard\libg_nano.a(libc_a-memcpy-stub.o)
                0x0800c8ec                memcpy
 *(.glue_7)
 .glue_7        0x0800c908        0x0 linker stubs
 *(.glue_7t)
 .glue_7t       0x0800c908        0x0 linker stubs
 *(.eh_frame)
 .eh_frame      0x0800c908        0x0 C:/ProgramData/MATLAB/SupportPackages/R2024b/3P.instrset/gnuarm-armcortex.instrset/win/bin/../lib/gcc/arm-none-eabi/13.2.1/thumb/v7e-m+fp/hard/crtbegin.o
 *(.init)
 .init          0x0800c908        0x4 C:/ProgramData/MATLAB/SupportPackages/R2024b/3P.instrset/gnuarm-armcortex.instrset/win/bin/../lib/gcc/arm-none-eabi/13.2.1/thumb/v7e-m+fp/hard/crti.o
                0x0800c908                _init
 .init          0x0800c90c        0x8 C:/ProgramData/MATLAB/SupportPackages/R2024b/3P.instrset/gnuarm-armcortex.instrset/win/bin/../lib/gcc/arm-none-eabi/13.2.1/thumb/v7e-m+fp/hard/crtn.o
 *(.fini)
 .fini          0x0800c914        0x4 C:/ProgramData/MATLAB/SupportPackages/R2024b/3P.instrset/gnuarm-armcortex.instrset/win/bin/../lib/gcc/arm-none-eabi/13.2.1/thumb/v7e-m+fp/hard/crti.o
                0x0800c914                _fini
 .fini          0x0800c918        0x8 C:/ProgramData/MATLAB/SupportPackages/R2024b/3P.instrset/gnuarm-armcortex.instrset/win/bin/../lib/gcc/arm-none-eabi/13.2.1/thumb/v7e-m+fp/hard/crtn.o
                0x0800c920                        . = ALIGN (0x4)
                0x0800c920                        _etext = .

.vfp11_veneer   0x0800c920        0x0
 .vfp11_veneer  0x0800c920        0x0 linker stubs

.v4_bx          0x0800c920        0x0
 .v4_bx         0x0800c920        0x0 linker stubs

.iplt           0x0800c920        0x0
 .iplt          0x0800c920        0x0 C:/ProgramData/MATLAB/SupportPackages/R2024b/3P.instrset/gnuarm-armcortex.instrset/win/bin/../lib/gcc/arm-none-eabi/13.2.1/thumb/v7e-m+fp/hard/crtbegin.o

.rodata         0x0800c920     0x2a18
                0x0800c920                        . = ALIGN (0x4)
 *(.rodata)
 .rodata        0x0800c920      0x2b9 xcp_ext_mode.o
 *fill*         0x0800cbd9        0x3 
 .rodata        0x0800cbdc      0x12e xcp_ext_common.o
 *fill*         0x0800cd0a        0x2 
 .rodata        0x0800cd0c       0x4c xcp_ext_classic_trigger.o
 .rodata        0x0800cd58      0x278 xcp.o
 .rodata        0x0800cfd0      0x3a9 xcp_standard.o
 *fill*         0x0800d379        0x3 
 .rodata        0x0800d37c     0x1010 xcp_daq.o
 .rodata        0x0800e38c       0xdd xcp_calibration.o
 *fill*         0x0800e469        0x3 
 .rodata        0x0800e46c      0x56e xcp_transport.o
 *fill*         0x0800e9da        0x2 
 .rodata        0x0800e9dc       0xf5 xcp_mem_default.o
 *fill*         0x0800ead1        0x3 
 .rodata        0x0800ead4      0x228 xcp_drv_rtiostream.o
 .rodata        0x0800ecfc      0x4aa xcp_frame_serial.o
 *(.rodata*)
 *fill*         0x0800f1a6        0x2 
 .rodata.BasicKit_M
                0x0800f1a8        0x4 BasicKit.o
                0x0800f1a8                BasicKit_M
 .rodata.rtAlwaysEnabled.0
                0x0800f1ac        0x1 BasicKit.o
 *fill*         0x0800f1ad        0x3 
 .rodata.standardSupportedRxPacket
                0x0800f1b0       0x54 xcp_standard.o
 .rodata.daqSupportedRxPacket
                0x0800f204       0x9c xcp_daq.o
 .rodata.calibrationSupportedRxPacket
                0x0800f2a0       0x18 xcp_calibration.o
 .rodata.CHANNEL_OFFSET_TAB
                0x0800f2b8        0x8 stm_usart.o
 .rodata.CHANNEL_OFFSET_TAB
                0x0800f2c0        0x8 stm_lpuart.o
 .rodata.CHANNEL_OFFSET_TAB
                0x0800f2c8        0x8 main.o
 .rodata.OFFSET_TAB_CCMRx
                0x0800f2d0        0xa main.o
 *fill*         0x0800f2da        0x2 
 .rodata.SHIFT_TAB_ICxx
                0x0800f2dc        0xa main.o
 *fill*         0x0800f2e6        0x2 
 .rodata.SHIFT_TAB_CCxP
                0x0800f2e8        0xa main.o
 *fill*         0x0800f2f2        0x2 
 .rodata.LPUART_PRESCALER_TAB
                0x0800f2f4       0x18 stm32g4xx_ll_lpuart.o
 .rodata.AHBPrescTable
                0x0800f30c       0x10 system_stm32g4xx.o
                0x0800f30c                AHBPrescTable
 .rodata.APBPrescTable
                0x0800f31c        0x8 system_stm32g4xx.o
                0x0800f31c                APBPrescTable
 *fill*         0x0800f324        0x4 
 .rodata.Zero   0x0800f328       0x10 C:/ProgramData/MATLAB/SupportPackages/R2024b/3P.instrset/gnuarm-armcortex.instrset/win/bin/../lib/gcc/arm-none-eabi/13.2.1/thumb/v7e-m+fp/hard\libm.a(libm_a-e_fmod.o)
                0x0800f338                        . = ALIGN (0x4)

.ARM.extab      0x0800f338        0x0
                0x0800f338                        . = ALIGN (0x4)
 *(.ARM.extab* .gnu.linkonce.armextab.*)
                0x0800f338                        . = ALIGN (0x4)

.ARM            0x0800f338        0x8
                0x0800f338                        . = ALIGN (0x4)
                0x0800f338                        __exidx_start = .
 *(.ARM.exidx*)
 .ARM.exidx.text.__udivmoddi4
                0x0800f338        0x8 C:/ProgramData/MATLAB/SupportPackages/R2024b/3P.instrset/gnuarm-armcortex.instrset/win/bin/../lib/gcc/arm-none-eabi/13.2.1/thumb/v7e-m+fp/hard\libgcc.a(_udivmoddi4.o)
                0x0800f340                        __exidx_end = .
                0x0800f340                        . = ALIGN (0x4)

.rel.dyn        0x0800f340        0x0
 .rel.iplt      0x0800f340        0x0 C:/ProgramData/MATLAB/SupportPackages/R2024b/3P.instrset/gnuarm-armcortex.instrset/win/bin/../lib/gcc/arm-none-eabi/13.2.1/thumb/v7e-m+fp/hard/crtbegin.o

.preinit_array  0x0800f340        0x0
                0x0800f340                        . = ALIGN (0x4)
                0x0800f340                        PROVIDE (__preinit_array_start = .)
 *(.preinit_array*)
                0x0800f340                        PROVIDE (__preinit_array_end = .)
                0x0800f340                        . = ALIGN (0x4)

.init_array     0x0800f340        0x4
                0x0800f340                        . = ALIGN (0x4)
                0x0800f340                        PROVIDE (__init_array_start = .)
 *(SORT_BY_NAME(.init_array.*))
 *(.init_array*)
 .init_array    0x0800f340        0x4 C:/ProgramData/MATLAB/SupportPackages/R2024b/3P.instrset/gnuarm-armcortex.instrset/win/bin/../lib/gcc/arm-none-eabi/13.2.1/thumb/v7e-m+fp/hard/crtbegin.o
                0x0800f344                        PROVIDE (__init_array_end = .)
                0x0800f344                        . = ALIGN (0x4)

.fini_array     0x0800f344        0x4
                0x0800f344                        . = ALIGN (0x4)
                [!provide]                        PROVIDE (__fini_array_start = .)
 *(SORT_BY_NAME(.fini_array.*))
 *(.fini_array*)
 .fini_array    0x0800f344        0x4 C:/ProgramData/MATLAB/SupportPackages/R2024b/3P.instrset/gnuarm-armcortex.instrset/win/bin/../lib/gcc/arm-none-eabi/13.2.1/thumb/v7e-m+fp/hard/crtbegin.o
                [!provide]                        PROVIDE (__fini_array_end = .)
                0x0800f348                        . = ALIGN (0x4)
                0x0800f348                        _sidata = LOADADDR (.data)

.data           0x20000000       0xe4 load address 0x0800f348
                0x20000000                        . = ALIGN (0x4)
                0x20000000                        _sdata = .
 *(.data)
 *(.data*)
 .data.xcpExtmodeFinalSimulationTime
                0x20000000        0x8 xcp_ext_common.o
                0x20000000                xcpExtmodeFinalSimulationTime
 .data.xcpClassicTriggerDuration
                0x20000008        0x4 xcp_ext_classic_trigger.o
                0x20000008                xcpClassicTriggerDuration
 .data.xcpClassicTriggerArmRequest
                0x2000000c        0x1 xcp_ext_classic_trigger.o
                0x2000000c                xcpClassicTriggerArmRequest
 *fill*         0x2000000d        0x3 
 .data.startStopDaqListId
                0x20000010        0x4 xcp_daq.o
 .data.xcpCurrentDaq
                0x20000014        0x4 xcp_daq.o
 .data.xcpEventCustomMemoryManager
                0x20000018        0xc xcp_daq.o
 .data.xcpCtoReservedMemPoolId
                0x20000024        0x4 xcp_transport.o
 .data.xcpMemMainBlockSizes
                0x20000028        0xc xcp_mem_default.o
 .data.xcpMemMainBlocksNumber
                0x20000034        0xc xcp_mem_default.o
 .data.drvID    0x20000040        0x4 xcp_drv_rtiostream.o
 .data.xcpCtoReservedMemPoolId
                0x20000044        0x4 xcp_frame_serial.o
 .data.uartObj  0x20000048       0x40 rtiostream_serial.o
                0x20000048                uartObj
 .data.uwTickPrio
                0x20000088        0x4 stm32g4xx_hal.o
                0x20000088                uwTickPrio
 .data.uwTickFreq
                0x2000008c        0x4 stm32g4xx_hal.o
                0x2000008c                uwTickFreq
 .data.SystemCoreClock
                0x20000090        0x4 system_stm32g4xx.o
                0x20000090                SystemCoreClock
 .data._impure_ptr
                0x20000094        0x4 C:/ProgramData/MATLAB/SupportPackages/R2024b/3P.instrset/gnuarm-armcortex.instrset/win/bin/../lib/gcc/arm-none-eabi/13.2.1/thumb/v7e-m+fp/hard\libg_nano.a(libc_a-impure.o)
                0x20000094                _impure_ptr
 .data._impure_data
                0x20000098       0x4c C:/ProgramData/MATLAB/SupportPackages/R2024b/3P.instrset/gnuarm-armcortex.instrset/win/bin/../lib/gcc/arm-none-eabi/13.2.1/thumb/v7e-m+fp/hard\libg_nano.a(libc_a-impure.o)
                0x20000098                _impure_data
 *(.RamFunc)
 *(.RamFunc*)
                0x200000e4                        . = ALIGN (0x4)
                0x200000e4                        _edata = .

.tm_clone_table
                0x200000e4        0x0 load address 0x0800f42c
 .tm_clone_table
                0x200000e4        0x0 C:/ProgramData/MATLAB/SupportPackages/R2024b/3P.instrset/gnuarm-armcortex.instrset/win/bin/../lib/gcc/arm-none-eabi/13.2.1/thumb/v7e-m+fp/hard/crtbegin.o
 .tm_clone_table
                0x200000e4        0x0 C:/ProgramData/MATLAB/SupportPackages/R2024b/3P.instrset/gnuarm-armcortex.instrset/win/bin/../lib/gcc/arm-none-eabi/13.2.1/thumb/v7e-m+fp/hard/crtend.o

.igot.plt       0x200000e4        0x0 load address 0x0800f42c
 .igot.plt      0x200000e4        0x0 C:/ProgramData/MATLAB/SupportPackages/R2024b/3P.instrset/gnuarm-armcortex.instrset/win/bin/../lib/gcc/arm-none-eabi/13.2.1/thumb/v7e-m+fp/hard/crtbegin.o
                0x200000e4                        . = ALIGN (0x4)

.bss            0x200000e8     0x1308 load address 0x0800f42c
                0x200000e8                        _sbss = .
                0x200000e8                        __bss_start__ = _sbss
 *(.bss)
 *(.bss*)
 .bss.completed.1
                0x200000e8        0x1 C:/ProgramData/MATLAB/SupportPackages/R2024b/3P.instrset/gnuarm-armcortex.instrset/win/bin/../lib/gcc/arm-none-eabi/13.2.1/thumb/v7e-m+fp/hard/crtbegin.o
 *fill*         0x200000e9        0x3 
 .bss.object.0  0x200000ec       0x18 C:/ProgramData/MATLAB/SupportPackages/R2024b/3P.instrset/gnuarm-armcortex.instrset/win/bin/../lib/gcc/arm-none-eabi/13.2.1/thumb/v7e-m+fp/hard/crtbegin.o
 .bss.xcpCustomTriggerFunction
                0x20000104        0x8 xcp_ext_mode.o
 *fill*         0x2000010c        0x4 
 .bss.BasicKit_B
                0x20000110       0x20 BasicKit.o
                0x20000110                BasicKit_B
 .bss.BasicKit_DW
                0x20000130       0x20 BasicKit.o
                0x20000130                BasicKit_DW
 .bss.BasicKit_M_
                0x20000150       0x48 BasicKit.o
 .bss.rt_ExtModeInfo.2
                0x20000198       0x14 BasicKit.o
 .bss.systemRan.1
                0x200001ac       0x18 BasicKit.o
 .bss.IsrOverrun
                0x200001c4        0x4 ert_main.o
                0x200001c4                IsrOverrun
 .bss.OverrunFlag
                0x200001c8        0x1 ert_main.o
 .bss.stopRequested
                0x200001c9        0x1 ert_main.o
                0x200001c9                stopRequested
 .bss.runModel  0x200001ca        0x1 ert_main.o
                0x200001ca                runModel
 .bss.xcpModelStartRequest
                0x200001cb        0x1 xcp_ext_common.o
                0x200001cb                xcpModelStartRequest
 .bss.xcpModelStopRequest
                0x200001cc        0x1 xcp_ext_common.o
                0x200001cc                xcpModelStopRequest
 .bss.xcpModelStatus
                0x200001cd        0x1 xcp_ext_common.o
                0x200001cd                xcpModelStatus
 *fill*         0x200001ce        0x2 
 .bss.xcpModelChecksum0
                0x200001d0        0x4 xcp_ext_common.o
                0x200001d0                xcpModelChecksum0
 .bss.xcpModelChecksum1
                0x200001d4        0x4 xcp_ext_common.o
                0x200001d4                xcpModelChecksum1
 .bss.xcpModelChecksum2
                0x200001d8        0x4 xcp_ext_common.o
                0x200001d8                xcpModelChecksum2
 .bss.xcpModelChecksum3
                0x200001dc        0x4 xcp_ext_common.o
                0x200001dc                xcpModelChecksum3
 .bss.xcpModelIntegerCode
                0x200001e0        0x4 xcp_ext_common.o
                0x200001e0                xcpModelIntegerCode
 .bss.xcpExtmodeSimulationComplete
                0x200001e4        0x1 xcp_ext_common.o
                0x200001e4                xcpExtmodeSimulationComplete
 *fill*         0x200001e5        0x3 
 .bss.xcpDummyDoubleVariable
                0x200001e8        0x8 xcp_ext_common.o
                0x200001e8                xcpDummyDoubleVariable
 .bss.xcpDummyUint64Variable
                0x200001f0        0x8 xcp_ext_common.o
                0x200001f0                xcpDummyUint64Variable
 .bss.xcpCurrentSimulationTimeInMs
                0x200001f8        0x8 xcp_ext_common.o
                0x200001f8                xcpCurrentSimulationTimeInMs
 .bss.xcpBaseRateSimulationTime
                0x20000200        0x8 xcp_ext_common.o
 .bss.xcpClassicTriggerEventId
                0x20000208        0x2 xcp_ext_classic_trigger.o
                0x20000208                xcpClassicTriggerEventId
 *fill*         0x2000020a        0x2 
 .bss.xcpClassicTriggerSignalAddress
                0x2000020c        0x4 xcp_ext_classic_trigger.o
                0x2000020c                xcpClassicTriggerSignalAddress
 .bss.xcpClassicTriggerSignalAddressExtension
                0x20000210        0x1 xcp_ext_classic_trigger.o
                0x20000210                xcpClassicTriggerSignalAddressExtension
 *fill*         0x20000211        0x7 
 .bss.xcpClassicTriggerLevel
                0x20000218        0x8 xcp_ext_classic_trigger.o
                0x20000218                xcpClassicTriggerLevel
 .bss.xcpClassicTriggerHoldOff
                0x20000220        0x4 xcp_ext_classic_trigger.o
                0x20000220                xcpClassicTriggerHoldOff
 .bss.xcpClassicTriggerDelay
                0x20000224        0x4 xcp_ext_classic_trigger.o
                0x20000224                xcpClassicTriggerDelay
 .bss.xcpClassicTriggerDirection
                0x20000228        0x1 xcp_ext_classic_trigger.o
                0x20000228                xcpClassicTriggerDirection
 .bss.xcpClassicTriggerCancelRequest
                0x20000229        0x1 xcp_ext_classic_trigger.o
                0x20000229                xcpClassicTriggerCancelRequest
 .bss.xcpClassicTriggerSource
                0x2000022a        0x1 xcp_ext_classic_trigger.o
                0x2000022a                xcpClassicTriggerSource
 .bss.xcpClassicTriggerMode
                0x2000022b        0x1 xcp_ext_classic_trigger.o
                0x2000022b                xcpClassicTriggerMode
 .bss.xcpClassicTriggerStatus
                0x2000022c        0x1 xcp_ext_classic_trigger.o
                0x2000022c                xcpClassicTriggerStatus
 *fill*         0x2000022d        0x3 
 .bss.xcpOldSignalValue
                0x20000230        0x8 xcp_ext_classic_trigger.o
 .bss.xcpOldSignalValueAvailable
                0x20000238        0x1 xcp_ext_classic_trigger.o
 .bss.xcpOldClassicTriggerSource
                0x20000239        0x1 xcp_ext_classic_trigger.o
 .bss.xcpTriggerEnabled
                0x2000023a        0x1 xcp_ext_classic_trigger.o
 .bss.xcpSignalTriggerFired
                0x2000023b        0x1 xcp_ext_classic_trigger.o
 .bss.xcpTriggerCount
                0x2000023c        0x4 xcp_ext_classic_trigger.o
 .bss.xcpForcedTriggerEnabled
                0x20000240        0x1 xcp_ext_classic_trigger.o
 .bss.xcpForceTriggerEnableRequest
                0x20000241        0x1 xcp_ext_classic_trigger.o
 .bss.initialized
                0x20000242        0x1 xcp.o
 .bss.xcpStatus
                0x20000243        0x1 xcp.o
 .bss.xcpSessionStatus
                0x20000244        0x1 xcp.o
 .bss.xcpResourceProtectionStatus
                0x20000245        0x1 xcp.o
 .bss.xcpSessionConfigurationId
                0x20000246        0x2 xcp.o
 .bss.groupPacketLookup
                0x20000248       0x10 xcp.o
 .bss.xcpMta    0x20000258        0x8 xcp_standard.o
 .bss.xcpUploadSize
                0x20000260        0x1 xcp_standard.o
 *fill*         0x20000261        0x3 
 .bss.packetLookup
                0x20000264        0x4 xcp_standard.o
 .bss.xcpDynamicDaqLists
                0x20000268        0x8 xcp_daq.o
 .bss.xcpRunningEventCounter
                0x20000270        0x4 xcp_daq.o
 .bss.daqLock   0x20000274        0x4 xcp_daq.o
 .bss.packetLookup
                0x20000278        0x4 xcp_daq.o
 .bss.packetLookup
                0x2000027c        0x4 xcp_calibration.o
 .bss.txFifo    0x20000280       0x10 xcp_transport.o
 .bss.txLock    0x20000290        0x4 xcp_transport.o
 .bss.rxFifo    0x20000294        0x8 xcp_transport.o
 .bss.rxLock    0x2000029c        0x4 xcp_transport.o
 .bss.initialized
                0x200002a0        0x1 xcp_transport.o
 *fill*         0x200002a1        0x3 
 .bss.xcpMemPoolDescriptors
                0x200002a4       0xc0 xcp_mem_default.o
 .bss.xcpMemCustomPoolDescriptors
                0x20000364        0x8 xcp_mem_default.o
 .bss.xcpMemMainChunk
                0x2000036c      0x3e7 xcp_mem_default.o
 *fill*         0x20000753        0x1 
 .bss.xcpMemReservedPoolsChunk
                0x20000754      0x69d xcp_mem_default.o
 *fill*         0x20000df1        0x3 
 .bss.xcpMemReservedPoolsChunkUsedBytes
                0x20000df4        0x4 xcp_mem_default.o
 .bss.xcpMemLock
                0x20000df8        0x4 xcp_mem_default.o
 .bss.forceBlocking
                0x20000dfc        0x1 xcp_drv_rtiostream.o
 *fill*         0x20000dfd        0x1 
 .bss.txCounter
                0x20000dfe        0x2 xcp_frame_serial.o
 .bss.rxCounter
                0x20000e00        0x2 xcp_frame_serial.o
 *fill*         0x20000e02        0x2 
 .bss.firstRxCounterReceived
                0x20000e04        0x4 xcp_frame_serial.o
 .bss.initialized
                0x20000e08        0x1 xcp_frame_serial.o
 *fill*         0x20000e09        0x3 
 .bss.timestampInitialized
                0x20000e0c        0x4 platform_timer.o
 .bss.timestampStartTime
                0x20000e10        0x4 platform_timer.o
 .bss.schdl_counter
                0x20000e14        0x4 SysTickScheduler.o
                0x20000e14                schdl_counter
 .bss.schdl_counter_max
                0x20000e18        0x4 SysTickScheduler.o
                0x20000e18                schdl_counter_max
 .bss.taskToSchedule
                0x20000e1c        0x4 m3m4m4f_multitasking.o
                0x20000e1c                taskToSchedule
 .bss.mw_ext_h  0x20000e20        0x4 rtiostream_serial.o
                0x20000e20                mw_ext_h
 .bss.UARTRxBuffer
                0x20000e24        0x4 rtiostream_serial.o
                0x20000e24                UARTRxBuffer
 .bss.mw_lpuart1
                0x20000e28       0x40 stm_lpuart.o
                0x20000e28                mw_lpuart1
 .bss.LPUART1ReceiveBuffer
                0x20000e68      0x400 stm_lpuart.o
                0x20000e68                LPUART1ReceiveBuffer
 .bss.htim2     0x20001268       0x4c stm32g4xx_hal_timebase_tim.o
                0x20001268                htim2
 .bss.uwTick    0x200012b4        0x4 stm32g4xx_hal.o
                0x200012b4                uwTick
 .bss.__sf      0x200012b8      0x138 C:/ProgramData/MATLAB/SupportPackages/R2024b/3P.instrset/gnuarm-armcortex.instrset/win/bin/../lib/gcc/arm-none-eabi/13.2.1/thumb/v7e-m+fp/hard\libg_nano.a(libc_a-findfp.o)
                0x200012b8                __sf
 *(COMMON)
                0x200013f0                        . = ALIGN (0x4)
                0x200013f0                        _ebss = .
                0x200013f0                        __bss_end__ = _ebss

._user_heap_stack
                0x200013f0      0x600 load address 0x0800f42c
                0x200013f0                        . = ALIGN (0x8)
                [!provide]                        PROVIDE (end = .)
                0x200013f0                        PROVIDE (_end = .)
                0x200015f0                        . = (. + _Min_Heap_Size)
 *fill*         0x200013f0      0x200 
                0x200019f0                        . = (. + _Min_Stack_Size)
 *fill*         0x200015f0      0x400 
                0x200019f0                        . = ALIGN (0x8)

/DISCARD/
 libc.a(*)
 libm.a(*)
 libgcc.a(*)

.ARM.attributes
                0x00000000       0x30
 *(.ARM.attributes)
 .ARM.attributes
                0x00000000       0x22 C:/ProgramData/MATLAB/SupportPackages/R2024b/3P.instrset/gnuarm-armcortex.instrset/win/bin/../lib/gcc/arm-none-eabi/13.2.1/thumb/v7e-m+fp/hard/crti.o
 .ARM.attributes
                0x00000022       0x34 C:/ProgramData/MATLAB/SupportPackages/R2024b/3P.instrset/gnuarm-armcortex.instrset/win/bin/../lib/gcc/arm-none-eabi/13.2.1/thumb/v7e-m+fp/hard/crtbegin.o
 .ARM.attributes
                0x00000056       0x34 xcp_ext_mode.o
 .ARM.attributes
                0x0000008a       0x34 BasicKit.o
 .ARM.attributes
                0x000000be       0x34 ert_main.o
 .ARM.attributes
                0x000000f2       0x34 xcp_ext_common.o
 .ARM.attributes
                0x00000126       0x34 xcp_ext_classic_trigger.o
 .ARM.attributes
                0x0000015a       0x34 xcp.o
 .ARM.attributes
                0x0000018e       0x34 xcp_standard.o
 .ARM.attributes
                0x000001c2       0x34 xcp_daq.o
 .ARM.attributes
                0x000001f6       0x34 xcp_calibration.o
 .ARM.attributes
                0x0000022a       0x34 xcp_fifo.o
 .ARM.attributes
                0x0000025e       0x34 xcp_transport.o
 .ARM.attributes
                0x00000292       0x34 xcp_mem_default.o
 .ARM.attributes
                0x000002c6       0x34 xcp_drv_rtiostream.o
 .ARM.attributes
                0x000002fa       0x34 xcp_utils.o
 .ARM.attributes
                0x0000032e       0x34 xcp_frame_serial.o
 .ARM.attributes
                0x00000362       0x34 xcp_ext_param_default_serial.o
 .ARM.attributes
                0x00000396       0x34 overrideHALDelay.o
 .ARM.attributes
                0x000003ca       0x34 platform_timer.o
 .ARM.attributes
                0x000003fe       0x34 SysTickScheduler.o
 .ARM.attributes
                0x00000432       0x34 m3m4m4f_multitasking.o
 .ARM.attributes
                0x00000466       0x34 rtiostream_serial.o
 .ARM.attributes
                0x0000049a       0x34 stm_usart.o
 .ARM.attributes
                0x000004ce       0x34 stm_lpuart.o
 .ARM.attributes
                0x00000502       0x34 sys_arch.o
 .ARM.attributes
                0x00000536       0x34 main.o
 .ARM.attributes
                0x0000056a       0x34 stm32g4xx_it.o
 .ARM.attributes
                0x0000059e       0x34 stm32g4xx_hal_msp.o
 .ARM.attributes
                0x000005d2       0x34 stm32g4xx_hal_timebase_tim.o
 .ARM.attributes
                0x00000606       0x34 stm32g4xx_ll_utils.o
 .ARM.attributes
                0x0000063a       0x34 stm32g4xx_ll_exti.o
 .ARM.attributes
                0x0000066e       0x34 stm32g4xx_ll_gpio.o
 .ARM.attributes
                0x000006a2       0x34 stm32g4xx_ll_adc.o
 .ARM.attributes
                0x000006d6       0x34 stm32g4xx_hal.o
 .ARM.attributes
                0x0000070a       0x34 stm32g4xx_hal_rcc.o
 .ARM.attributes
                0x0000073e       0x34 stm32g4xx_hal_pwr_ex.o
 .ARM.attributes
                0x00000772       0x34 stm32g4xx_hal_cortex.o
 .ARM.attributes
                0x000007a6       0x34 stm32g4xx_ll_lpuart.o
 .ARM.attributes
                0x000007da       0x34 stm32g4xx_ll_rcc.o
 .ARM.attributes
                0x0000080e       0x34 stm32g4xx_hal_tim.o
 .ARM.attributes
                0x00000842       0x34 stm32g4xx_hal_tim_ex.o
 .ARM.attributes
                0x00000876       0x34 stm32g4xx_ll_tim.o
 .ARM.attributes
                0x000008aa       0x34 system_stm32g4xx.o
 .ARM.attributes
                0x000008de       0x21 startup_stm32g474retx.o
 .ARM.attributes
                0x000008ff       0x34 C:/ProgramData/MATLAB/SupportPackages/R2024b/3P.instrset/gnuarm-armcortex.instrset/win/bin/../lib/gcc/arm-none-eabi/13.2.1/thumb/v7e-m+fp/hard\libm.a(libm_a-w_fmod.o)
 .ARM.attributes
                0x00000933       0x34 C:/ProgramData/MATLAB/SupportPackages/R2024b/3P.instrset/gnuarm-armcortex.instrset/win/bin/../lib/gcc/arm-none-eabi/13.2.1/thumb/v7e-m+fp/hard\libm.a(libm_a-e_fmod.o)
 .ARM.attributes
                0x00000967       0x22 C:/ProgramData/MATLAB/SupportPackages/R2024b/3P.instrset/gnuarm-armcortex.instrset/win/bin/../lib/gcc/arm-none-eabi/13.2.1/thumb/v7e-m+fp/hard\libgcc.a(_arm_addsubdf3.o)
 .ARM.attributes
                0x00000989       0x22 C:/ProgramData/MATLAB/SupportPackages/R2024b/3P.instrset/gnuarm-armcortex.instrset/win/bin/../lib/gcc/arm-none-eabi/13.2.1/thumb/v7e-m+fp/hard\libgcc.a(_arm_muldivdf3.o)
 .ARM.attributes
                0x000009ab       0x22 C:/ProgramData/MATLAB/SupportPackages/R2024b/3P.instrset/gnuarm-armcortex.instrset/win/bin/../lib/gcc/arm-none-eabi/13.2.1/thumb/v7e-m+fp/hard\libgcc.a(_arm_cmpdf2.o)
 .ARM.attributes
                0x000009cd       0x22 C:/ProgramData/MATLAB/SupportPackages/R2024b/3P.instrset/gnuarm-armcortex.instrset/win/bin/../lib/gcc/arm-none-eabi/13.2.1/thumb/v7e-m+fp/hard\libgcc.a(_arm_unorddf2.o)
 .ARM.attributes
                0x000009ef       0x22 C:/ProgramData/MATLAB/SupportPackages/R2024b/3P.instrset/gnuarm-armcortex.instrset/win/bin/../lib/gcc/arm-none-eabi/13.2.1/thumb/v7e-m+fp/hard\libgcc.a(_arm_fixunsdfsi.o)
 .ARM.attributes
                0x00000a11       0x22 C:/ProgramData/MATLAB/SupportPackages/R2024b/3P.instrset/gnuarm-armcortex.instrset/win/bin/../lib/gcc/arm-none-eabi/13.2.1/thumb/v7e-m+fp/hard\libgcc.a(_aeabi_uldivmod.o)
 .ARM.attributes
                0x00000a33       0x34 C:/ProgramData/MATLAB/SupportPackages/R2024b/3P.instrset/gnuarm-armcortex.instrset/win/bin/../lib/gcc/arm-none-eabi/13.2.1/thumb/v7e-m+fp/hard\libgcc.a(_udivmoddi4.o)
 .ARM.attributes
                0x00000a67       0x22 C:/ProgramData/MATLAB/SupportPackages/R2024b/3P.instrset/gnuarm-armcortex.instrset/win/bin/../lib/gcc/arm-none-eabi/13.2.1/thumb/v7e-m+fp/hard\libgcc.a(_dvmd_tls.o)
 .ARM.attributes
                0x00000a89       0x34 C:/ProgramData/MATLAB/SupportPackages/R2024b/3P.instrset/gnuarm-armcortex.instrset/win/bin/../lib/gcc/arm-none-eabi/13.2.1/thumb/v7e-m+fp/hard\libg_nano.a(libc_a-findfp.o)
 .ARM.attributes
                0x00000abd       0x34 C:/ProgramData/MATLAB/SupportPackages/R2024b/3P.instrset/gnuarm-armcortex.instrset/win/bin/../lib/gcc/arm-none-eabi/13.2.1/thumb/v7e-m+fp/hard\libg_nano.a(libc_a-memset.o)
 .ARM.attributes
                0x00000af1       0x34 C:/ProgramData/MATLAB/SupportPackages/R2024b/3P.instrset/gnuarm-armcortex.instrset/win/bin/../lib/gcc/arm-none-eabi/13.2.1/thumb/v7e-m+fp/hard\libg_nano.a(libc_a-impure.o)
 .ARM.attributes
                0x00000b25       0x34 C:/ProgramData/MATLAB/SupportPackages/R2024b/3P.instrset/gnuarm-armcortex.instrset/win/bin/../lib/gcc/arm-none-eabi/13.2.1/thumb/v7e-m+fp/hard\libg_nano.a(libc_a-errno.o)
 .ARM.attributes
                0x00000b59       0x34 C:/ProgramData/MATLAB/SupportPackages/R2024b/3P.instrset/gnuarm-armcortex.instrset/win/bin/../lib/gcc/arm-none-eabi/13.2.1/thumb/v7e-m+fp/hard\libg_nano.a(libc_a-init.o)
 .ARM.attributes
                0x00000b8d       0x34 C:/ProgramData/MATLAB/SupportPackages/R2024b/3P.instrset/gnuarm-armcortex.instrset/win/bin/../lib/gcc/arm-none-eabi/13.2.1/thumb/v7e-m+fp/hard\libg_nano.a(libc_a-memcpy-stub.o)
 .ARM.attributes
                0x00000bc1       0x34 C:/ProgramData/MATLAB/SupportPackages/R2024b/3P.instrset/gnuarm-armcortex.instrset/win/bin/../lib/gcc/arm-none-eabi/13.2.1/thumb/v7e-m+fp/hard/crtend.o
 .ARM.attributes
                0x00000bf5       0x22 C:/ProgramData/MATLAB/SupportPackages/R2024b/3P.instrset/gnuarm-armcortex.instrset/win/bin/../lib/gcc/arm-none-eabi/13.2.1/thumb/v7e-m+fp/hard/crtn.o
OUTPUT(../BasicKit.elf elf32-littlearm)
LOAD linker stubs
LOAD C:/ProgramData/MATLAB/SupportPackages/R2024b/3P.instrset/gnuarm-armcortex.instrset/win/bin/../lib/gcc/arm-none-eabi/13.2.1/thumb/v7e-m+fp/hard\libc.a